{"config":{"indexing":"full","lang":["en"],"min_search_length":3,"prebuild_index":false,"separator":"[\\s\\-]+"},"docs":[{"location":"","text":"body { /*background-image: url(https://zkcing.com/api/pic);*/ background-repeat: no-repeat; background-attachment: fixed; background-size: cover; } Welcome to My Wiki Hi, This is zguishen's wiki. Blog https://zguishen.com Notion https://notion.zguishen.com Navigation https://nav.zguishen.com","title":"Welcome"},{"location":"#welcome-to-my-wiki","text":"Hi, This is zguishen's wiki. Blog https://zguishen.com Notion https://notion.zguishen.com Navigation https://nav.zguishen.com","title":"Welcome to My Wiki"},{"location":"develop/","text":"\u5f00\u53d1\u76f8\u5173","title":"\u5f00\u53d1\u76f8\u5173"},{"location":"develop/#_1","text":"","title":"\u5f00\u53d1\u76f8\u5173"},{"location":"develop/android/SDK%E5%AE%89%E8%A3%85/","text":"SDK \u5b89\u88c5 \u5230 https://developer.android.google.cn/studio#command-tools \u4e0b\u8f7d Command tools\u3002 \u521b\u5efa\u4e00\u4e2a androidsdk \u76ee\u5f55\u628a\u4e0b\u8f7d\u7684 Command tools \u89e3\u538b\u653e\u8fdb\u53bb\uff0c\u518d\u5728 cmdline-tools \u6587\u4ef6\u5939\u91cc\u521b\u5efa\u4e00\u4e2a latest \u6587\u4ef6\u5939\uff0c\u628a\u9664 latest \u6587\u4ef6\u5939\u4e4b\u5916\u7684\u6587\u4ef6\u548c\u6587\u4ef6\u5939\u79fb\u5230 latest \u91cc\u9762\uff0c\u547d\u4ee4\u884c cd \u8fdb bin \u6587\u4ef6\u5939\uff0c ./sdkmanager --list \u53ef\u4ee5\u770b\u5230 SDK \u7684\u5404\u79cd\u5de5\u5177\u5305\uff0c\u5305\u62ec\u5df2\u5b89\u88c5\u548c\u672a\u5b89\u88c5\u7684\u3002 # nathan @ nathan-tp in ~/app/androidsdk/cmdline-tools/latest/bin [21:29:59] $ ./sdkmanager --list Warning: IO exception while downloading manifest Installed packages: =====================] 100 % Computing updates... Path | Version | Description | Location ------- | ------- | ------- | ------- platform-tools | 33 .0.1 | Android SDK Platform-Tools 33 .0.1 | platform-tools platforms ; android-29 | 5 | Android SDK Platform 29 | platforms/android-29 Available Packages: Path | Version | Description ------- | ------- | ------- add-ons ; addon-google_apis-google-15 | 3 | Google APIs add-ons ; addon-google_apis-google-16 | 4 | Google APIs add-ons ; addon-google_apis-google-17 | 4 | Google APIs add-ons ; addon-google_apis-google-18 | 4 | Google APIs add-ons ; addon-google_apis-google-19 | 20 | Google APIs add-ons ; addon-google_apis-google-21 | 1 | Google APIs add-ons ; addon-google_apis-google-22 | 1 | Google APIs add-ons ; addon-google_apis-google-23 | 1 | Google APIs add-ons ; addon-google_apis-google-24 | 1 | Google APIs build-tools ; 19 .1.0 | 19 .1.0 | Android SDK Build-Tools 19 .1 build-tools ; 20 .0.0 | 20 .0.0 | Android SDK Build-Tools 20 build-tools ; 21 .1.2 | 21 .1.2 | Android SDK Build-Tools 21 .1.2 build-tools ; 22 .0.1 | 22 .0.1 | Android SDK Build-Tools 22 .0.1 build-tools ; 23 .0.1 | 23 .0.1 | Android SDK Build-Tools 23 .0.1 build-tools ; 23 .0.2 | 23 .0.2 | Android SDK Build-Tools 23 .0.2 build-tools ; 23 .0.3 | 23 .0.3 | Android SDK Build-Tools 23 .0.3 ...... \"platforms;android-29\" \u5de5\u5177\u5305\u5b89\u88c5\u547d\u4ee4 ./sdkmanager --install \"platforms;android-29\" \"platforms;android-29\" \u5de5\u5177\u5305\u5378\u8f7d\u547d\u4ee4 ./sdkmanager --uninstall \"platforms;android-29\" \u5176\u4ed6\u5de5\u5177\u5305\u540c\u7406\uff0c\u53c2\u8003 https://developer.android.google.cn/studio/command-line/sdkmanager\u3002","title":"SDK \u5b89\u88c5"},{"location":"develop/android/SDK%E5%AE%89%E8%A3%85/#sdk","text":"\u5230 https://developer.android.google.cn/studio#command-tools \u4e0b\u8f7d Command tools\u3002 \u521b\u5efa\u4e00\u4e2a androidsdk \u76ee\u5f55\u628a\u4e0b\u8f7d\u7684 Command tools \u89e3\u538b\u653e\u8fdb\u53bb\uff0c\u518d\u5728 cmdline-tools \u6587\u4ef6\u5939\u91cc\u521b\u5efa\u4e00\u4e2a latest \u6587\u4ef6\u5939\uff0c\u628a\u9664 latest \u6587\u4ef6\u5939\u4e4b\u5916\u7684\u6587\u4ef6\u548c\u6587\u4ef6\u5939\u79fb\u5230 latest \u91cc\u9762\uff0c\u547d\u4ee4\u884c cd \u8fdb bin \u6587\u4ef6\u5939\uff0c ./sdkmanager --list \u53ef\u4ee5\u770b\u5230 SDK \u7684\u5404\u79cd\u5de5\u5177\u5305\uff0c\u5305\u62ec\u5df2\u5b89\u88c5\u548c\u672a\u5b89\u88c5\u7684\u3002 # nathan @ nathan-tp in ~/app/androidsdk/cmdline-tools/latest/bin [21:29:59] $ ./sdkmanager --list Warning: IO exception while downloading manifest Installed packages: =====================] 100 % Computing updates... Path | Version | Description | Location ------- | ------- | ------- | ------- platform-tools | 33 .0.1 | Android SDK Platform-Tools 33 .0.1 | platform-tools platforms ; android-29 | 5 | Android SDK Platform 29 | platforms/android-29 Available Packages: Path | Version | Description ------- | ------- | ------- add-ons ; addon-google_apis-google-15 | 3 | Google APIs add-ons ; addon-google_apis-google-16 | 4 | Google APIs add-ons ; addon-google_apis-google-17 | 4 | Google APIs add-ons ; addon-google_apis-google-18 | 4 | Google APIs add-ons ; addon-google_apis-google-19 | 20 | Google APIs add-ons ; addon-google_apis-google-21 | 1 | Google APIs add-ons ; addon-google_apis-google-22 | 1 | Google APIs add-ons ; addon-google_apis-google-23 | 1 | Google APIs add-ons ; addon-google_apis-google-24 | 1 | Google APIs build-tools ; 19 .1.0 | 19 .1.0 | Android SDK Build-Tools 19 .1 build-tools ; 20 .0.0 | 20 .0.0 | Android SDK Build-Tools 20 build-tools ; 21 .1.2 | 21 .1.2 | Android SDK Build-Tools 21 .1.2 build-tools ; 22 .0.1 | 22 .0.1 | Android SDK Build-Tools 22 .0.1 build-tools ; 23 .0.1 | 23 .0.1 | Android SDK Build-Tools 23 .0.1 build-tools ; 23 .0.2 | 23 .0.2 | Android SDK Build-Tools 23 .0.2 build-tools ; 23 .0.3 | 23 .0.3 | Android SDK Build-Tools 23 .0.3 ...... \"platforms;android-29\" \u5de5\u5177\u5305\u5b89\u88c5\u547d\u4ee4 ./sdkmanager --install \"platforms;android-29\" \"platforms;android-29\" \u5de5\u5177\u5305\u5378\u8f7d\u547d\u4ee4 ./sdkmanager --uninstall \"platforms;android-29\" \u5176\u4ed6\u5de5\u5177\u5305\u540c\u7406\uff0c\u53c2\u8003 https://developer.android.google.cn/studio/command-line/sdkmanager\u3002","title":"SDK \u5b89\u88c5"},{"location":"develop/command/JMeter/","text":"JMeter \u538b\u6d4b\u5de5\u5177 \u914d\u7f6e sudo vi /etc/profile \u6700\u4e0b\u9762\u6dfb\u52a0\uff1a export JAVA_HOME = /home/nathan/app/jdk/jdk1.8.0_221 export JRE_HOME = /home/nathan/app/jdk/jdk1.8.0_221/jre export CLASSPATH = .: $JAVA_HOME /lib/dt.jar: $JAVA_HOME /lib/tools.jar export PATH = $JAVA_HOME /bin: $PATH export PATH = /home/nathan/app/apache-jmeter-5.4.3/bin: $PATH JMeter \u5728\u9ad8\u7248\u672c JDK \u6709\u4e9b\u95ee\u9898\uff0c\u6bd4\u5982\u6211\u672c\u673a\u73af\u5883 JDK17 \u65e0\u6cd5\u4fdd\u5b58\u6d4b\u8bd5\u811a\u672c\uff0c\u6240\u4ee5\u8bbe\u7f6e\u4e0b\u7528 JDK8 \u8dd1\u3002 source /etc/profile \u8ba9\u914d\u7f6e\u751f\u6548\u3002\u4f46\u662f profile \u662f\u5728\u7cfb\u7edf\u542f\u52a8\u7684\u65f6\u5019\u53ea\u52a0\u8f7d\u4e00\u6b21\u7684\uff0csource \u547d\u4ee4\u53ea\u662f\u8ba9\u4fee\u6539\u540e profile \u53ea\u5728\u5f53\u524d\u7ec8\u7aef\u751f\u6548\uff0c\u8981\u8ba9\u5168\u5c40\u751f\u6548\u53ea\u80fd\u91cd\u542f\u7cfb\u7edf\u3002 \u8981\u8ba9\u5f53\u524d shell \u751f\u6548\uff0c\u7f16\u8f91 vi ~/.zshrc \uff0c\u5982\u679c\u662f bash \u90a3\u5c31\u662f\u7f16\u8f91 vi ~/.bashrc \uff0c\u540c\u6837\u6dfb\u52a0\u4ee5\u4e0a\u5185\u5bb9\u3002 source ~/.zshrc \u65b0\u5f00\u7ec8\u7aef\u7a97\u53e3\u5c31\u90fd\u751f\u6548\u4e86\u3002 \u538b\u6d4b Don't use GUI mode for load testing !, only for Test creation and Test debugging. For load testing, use CLI Mode (was NON GUI): jmeter -n -t [jmx file] -l [results file] -e -o [Path to web report folder] & increase Java Heap to meet your test requirements: Modify current env variable HEAP=\"-Xms1g -Xmx1g -XX:MaxMetaspaceSize=256m\" in the jmeter batch file. Check : https://jmeter.apache.org/usermanual/best-practices.html JMeter \u542f\u52a8\u4fe1\u606f\u5df2\u7ecf\u8bf4\u5f97\u5f88\u6e05\u695a\u4e86\uff0cGUI \u53ea\u7528\u6765\u7f16\u5199\u811a\u672c\uff0c\u4e0d\u8981\u7528\u6765\u6700\u8d1f\u8f7d\u6d4b\u8bd5\u3002 \u7528\u547d\u4ee4\u505a\u538b\u6d4b\u4f8b\u5b50\uff1a jmeter -n -t local-java-sb.jmx -l res.jtl -e -o report local-java-sb.jmx \u662f\u7f16\u5199\u7684\u811a\u672c\uff0cres.jtl \u662f\u53d6\u6837\u5668\u65e5\u5fd7\uff0c\u751f\u6210\u7684\u62a5\u544a\u653e\u5728 report \u6587\u4ef6\u5939\u4e0b\uff0chtml \u6587\u4ef6\uff0c\u53ef\u4ee5\u7528\u6d4f\u89c8\u5668\u6253\u5f00\u3002","title":"JMeter \u538b\u6d4b\u5de5\u5177"},{"location":"develop/command/JMeter/#jmeter","text":"","title":"JMeter \u538b\u6d4b\u5de5\u5177"},{"location":"develop/command/JMeter/#_1","text":"sudo vi /etc/profile \u6700\u4e0b\u9762\u6dfb\u52a0\uff1a export JAVA_HOME = /home/nathan/app/jdk/jdk1.8.0_221 export JRE_HOME = /home/nathan/app/jdk/jdk1.8.0_221/jre export CLASSPATH = .: $JAVA_HOME /lib/dt.jar: $JAVA_HOME /lib/tools.jar export PATH = $JAVA_HOME /bin: $PATH export PATH = /home/nathan/app/apache-jmeter-5.4.3/bin: $PATH JMeter \u5728\u9ad8\u7248\u672c JDK \u6709\u4e9b\u95ee\u9898\uff0c\u6bd4\u5982\u6211\u672c\u673a\u73af\u5883 JDK17 \u65e0\u6cd5\u4fdd\u5b58\u6d4b\u8bd5\u811a\u672c\uff0c\u6240\u4ee5\u8bbe\u7f6e\u4e0b\u7528 JDK8 \u8dd1\u3002 source /etc/profile \u8ba9\u914d\u7f6e\u751f\u6548\u3002\u4f46\u662f profile \u662f\u5728\u7cfb\u7edf\u542f\u52a8\u7684\u65f6\u5019\u53ea\u52a0\u8f7d\u4e00\u6b21\u7684\uff0csource \u547d\u4ee4\u53ea\u662f\u8ba9\u4fee\u6539\u540e profile \u53ea\u5728\u5f53\u524d\u7ec8\u7aef\u751f\u6548\uff0c\u8981\u8ba9\u5168\u5c40\u751f\u6548\u53ea\u80fd\u91cd\u542f\u7cfb\u7edf\u3002 \u8981\u8ba9\u5f53\u524d shell \u751f\u6548\uff0c\u7f16\u8f91 vi ~/.zshrc \uff0c\u5982\u679c\u662f bash \u90a3\u5c31\u662f\u7f16\u8f91 vi ~/.bashrc \uff0c\u540c\u6837\u6dfb\u52a0\u4ee5\u4e0a\u5185\u5bb9\u3002 source ~/.zshrc \u65b0\u5f00\u7ec8\u7aef\u7a97\u53e3\u5c31\u90fd\u751f\u6548\u4e86\u3002","title":"\u914d\u7f6e"},{"location":"develop/command/JMeter/#_2","text":"Don't use GUI mode for load testing !, only for Test creation and Test debugging. For load testing, use CLI Mode (was NON GUI): jmeter -n -t [jmx file] -l [results file] -e -o [Path to web report folder] & increase Java Heap to meet your test requirements: Modify current env variable HEAP=\"-Xms1g -Xmx1g -XX:MaxMetaspaceSize=256m\" in the jmeter batch file. Check : https://jmeter.apache.org/usermanual/best-practices.html JMeter \u542f\u52a8\u4fe1\u606f\u5df2\u7ecf\u8bf4\u5f97\u5f88\u6e05\u695a\u4e86\uff0cGUI \u53ea\u7528\u6765\u7f16\u5199\u811a\u672c\uff0c\u4e0d\u8981\u7528\u6765\u6700\u8d1f\u8f7d\u6d4b\u8bd5\u3002 \u7528\u547d\u4ee4\u505a\u538b\u6d4b\u4f8b\u5b50\uff1a jmeter -n -t local-java-sb.jmx -l res.jtl -e -o report local-java-sb.jmx \u662f\u7f16\u5199\u7684\u811a\u672c\uff0cres.jtl \u662f\u53d6\u6837\u5668\u65e5\u5fd7\uff0c\u751f\u6210\u7684\u62a5\u544a\u653e\u5728 report \u6587\u4ef6\u5939\u4e0b\uff0chtml \u6587\u4ef6\uff0c\u53ef\u4ee5\u7528\u6d4f\u89c8\u5668\u6253\u5f00\u3002","title":"\u538b\u6d4b"},{"location":"develop/command/Linux%E7%A3%81%E7%9B%98%E7%9B%B8%E5%85%B3/","text":"Linux\u78c1\u76d8\u76f8\u5173 vgdisplay vgdisplay \u547d\u4ee4\u663e\u793a LVM \u5377\u7ec4\u7684\u4fe1\u606f\u3002\u5982\u679c\u4e0d\u6307\u5b9a\u201d\u5377\u7ec4\u201d\u53c2\u6570\uff0c\u5219\u5206\u522b\u663e\u793a\u6240\u6709\u5377\u7ec4\u7684\u5c5e\u6027\u3002 pvscan [-As] [vg] \u9009\u9879\uff1a - -A\uff1a\u4ec5\u663e\u793a\u6d3b\u52a8\u5377\u7ec4\u7684\u5c5e\u6027 - -s\uff1a\u4f7f\u7528\u77ed\u683c\u5f0f\u8f93\u51fa\u7684\u4fe1\u606f \u53c2\u6570\uff1a vg\uff1a\u8981\u663e\u793a\u5c5e\u6027\u7684\u5377\u7ec4\u540d\u79f0,\u793a\u4f8b\uff1a \u663e\u793a\u5b58\u5728\u7684\u5377\u7ec4vg1000\u7684\u5c5e\u6027 vgdisplay vg1000 \u663e\u793a\u6240\u6709\u5377\u7ec4\u4fe1\u606f\uff1a vgdisplay \u78c1\u76d8\u6269\u5bb9/\u7f29\u51cf \u7528 lvresize \u547d\u4ee4\u7ed9\u78c1\u76d8\u6269\u5bb9\u6216\u7f29\u51cf\uff0c\u7528 resize2fs \u6267\u884c\u53d8\u66f4\u3002 lvresize \u547d\u4ee4\u8fdb\u884c\u78c1\u76d8\u6269\u5bb9\u6216\u7f29\u51cf\uff1a lvextend -L 10G /dev/mapper/ubuntu--vg-ubuntu--lv //\u589e\u5927\u6216\u51cf\u5c0f\u81f319G lvextend -L +10G /dev/mapper/ubuntu--vg-ubuntu--lv //\u589e\u52a010G lvreduce -L -10G /dev/mapper/ubuntu--vg-ubuntu--lv //\u51cf\u5c0f10G lvresize -l +100%FREE /dev/mapper/ubuntu--vg-ubuntu--lv //\u6309\u767e\u5206\u6bd4\u6269 resize2fs \u6267\u884c\u53d8\u66f4\uff1a resize2fs /dev/mapper/ubuntu--vg-ubuntu--lv \u4f8b\u5b50 $ df -Th Filesystem Type Size Used Avail Use% Mounted on udev devtmpfs 1 .9G 0 1 .9G 0 % /dev tmpfs tmpfs 394M 12M 383M 3 % /run /dev/mapper/ubuntu--vg-ubuntu--lv ext4 20G 20G 0 100 % / tmpfs tmpfs 2 .0G 0 2 .0G 0 % /dev/shm tmpfs tmpfs 5 .0M 4 .0K 5 .0M 1 % /run/lock tmpfs tmpfs 2 .0G 0 2 .0G 0 % /sys/fs/cgroup /dev/sda2 ext4 976M 206M 704M 23 % /boot share vboxsf 932G 264G 668G 29 % /home/nathan/windows tmpfs tmpfs 394M 8 .0K 394M 1 % /run/user/124 tmpfs tmpfs 394M 4 .0K 394M 1 % /run/user/1000 $ df /tmp -h Filesystem Size Used Avail Use% Mounted on /dev/mapper/ubuntu--vg-ubuntu--lv 20G 20G 0 100 % / /dev/mapper/ubuntu--vg-ubuntu--lv \u5df2\u7ecf\u6ca1\u7a7a\u95f2\u7a7a\u95f4\u4e86\u3002 \u67e5\u770b\u5377\u4fe1\u606f\uff1a root@vb-ubuntu:/home/nathan# vgdisplay --- Volume group --- VG Name ubuntu-vg System ID Format lvm2 Metadata Areas 1 Metadata Sequence No 2 VG Access read/write VG Status resizable MAX LV 0 Cur LV 1 Open LV 1 Max PV 0 Cur PV 1 Act PV 1 VG Size < 39 .00 GiB PE Size 4 .00 MiB Total PE 9983 Alloc PE / Size 5120 / 20 .00 GiB Free PE / Size 4863 / < 19 .00 GiB VG UUID UIaujX-muWO-u1L0-R674-suW1-ApCY-UJhNvH Free \u8fd8\u6709\u5269\u4f59\u53ef\u4ee5\u4f7f\u7528\uff0c\u574710G\u6765\u7528\u3002 root@vb-ubuntu:/home/nathan# lvresize -L +10G /dev/mapper/ubuntu--vg-ubuntu--lv Size of logical volume ubuntu-vg/ubuntu-lv changed from 20 .00 GiB ( 5120 extents ) to 30 .00 GiB ( 7680 extents ) . Logical volume ubuntu-vg/ubuntu-lv successfully resized. root@vb-ubuntu:/home/nathan# resize2fs /dev/mapper/ubuntu--vg-ubuntu--lv resize2fs 1 .45.5 ( 07 -Jan-2020 ) Filesystem at /dev/mapper/ubuntu--vg-ubuntu--lv is mounted on / ; on-line resizing required old_desc_blocks = 3 , new_desc_blocks = 4 The filesystem on /dev/mapper/ubuntu--vg-ubuntu--lv is now 7864320 ( 4k ) blocks long. \u518d\u770b\u770b\uff1a root@vb-ubuntu:/home/nathan# vgdisplay --- Volume group --- VG Name ubuntu-vg System ID Format lvm2 Metadata Areas 1 Metadata Sequence No 3 VG Access read/write VG Status resizable MAX LV 0 Cur LV 1 Open LV 1 Max PV 0 Cur PV 1 Act PV 1 VG Size < 39 .00 GiB PE Size 4 .00 MiB Total PE 9983 Alloc PE / Size 7680 / 30 .00 GiB Free PE / Size 2303 / < 9 .00 GiB VG UUID UIaujX-muWO-u1L0-R674-suW1-ApCY-UJhNvH root@vb-ubuntu:/home/nathan# df -Thl Filesystem Type Size Used Avail Use% Mounted on udev devtmpfs 1 .9G 0 1 .9G 0 % /dev tmpfs tmpfs 394M 12M 383M 3 % /run /dev/mapper/ubuntu--vg-ubuntu--lv ext4 30G 20G 8 .5G 70 % / tmpfs tmpfs 2 .0G 0 2 .0G 0 % /dev/shm tmpfs tmpfs 5 .0M 4 .0K 5 .0M 1 % /run/lock tmpfs tmpfs 2 .0G 0 2 .0G 0 % /sys/fs/cgroup /dev/sda2 ext4 976M 206M 704M 23 % /boot share vboxsf 932G 264G 668G 29 % /home/nathan/windows tmpfs tmpfs 394M 8 .0K 394M 1 % /run/user/124 tmpfs tmpfs 394M 4 .0K 394M 1 % /run/user/1000 df \u67e5\u770b\u78c1\u76d8\u7a7a\u95f4\u5927\u5c0f\u7684\u547d df \u547d\u4ee4\u7528\u4e8e\u67e5\u770b\u78c1\u76d8\u5206\u533a\u4e0a\u7684\u78c1\u76d8\u7a7a\u95f4\uff0c\u5305\u62ec\u4f7f\u7528\u4e86\u591a\u5c11\uff0c\u8fd8\u5269\u591a\u5c11\uff0c\u9ed8\u8ba4\u5355\u4f4d\u662fKB. df -Thl \u53c2\u6570\uff1a -a\u6216--all\uff1a\u5305\u542b\u5168\u90e8\u7684\u6587\u4ef6\u7cfb\u7edf\uff1b --block-size = <\u533a\u5757\u5927\u5c0f>\uff1a\u4ee5\u6307\u5b9a\u7684\u533a\u5757\u5927\u5c0f\u6765\u663e\u793a\u533a\u5757\u6570\u76ee\uff1b -h\u6216--human-readable\uff1a\u4ee5\u53ef\u8bfb\u6027\u8f83\u9ad8\u7684\u65b9\u5f0f\u6765\u663e\u793a\u4fe1\u606f\uff1b -H\u6216--si\uff1a\u4e0e-h\u53c2\u6570\u76f8\u540c\uff0c\u4f46\u5728\u8ba1\u7b97\u65f6\u662f\u4ee51000 Bytes\u4e3a\u6362\u7b97\u5355\u4f4d\u800c\u975e1024 Bytes\uff1b -i\u6216--inodes\uff1a\u663e\u793ainode\u7684\u4fe1\u606f\uff1b -k\u6216--kilobytes\uff1a\u6307\u5b9a\u533a\u5757\u5927\u5c0f\u4e3a1024\u5b57\u8282\uff1b -l\u6216--local\uff1a\u4ec5\u663e\u793a\u672c\u5730\u7aef\u7684\u6587\u4ef6\u7cfb\u7edf\uff1b -m\u6216--megabytes\uff1a\u6307\u5b9a\u533a\u5757\u5927\u5c0f\u4e3a1048576\u5b57\u8282\uff1b --no-sync\uff1a\u5728\u53d6\u5f97\u78c1\u76d8\u4f7f\u7528\u4fe1\u606f\u524d\uff0c\u4e0d\u8981\u6267\u884csync\u6307\u4ee4\uff0c\u6b64\u4e3a\u9884\u8bbe\u503c\uff1b -P\u6216--portability\uff1a\u4f7f\u7528POSIX\u7684\u8f93\u51fa\u683c\u5f0f\uff1b --sync\uff1a\u5728\u53d6\u5f97\u78c1\u76d8\u4f7f\u7528\u4fe1\u606f\u524d\uff0c\u5148\u6267\u884csync\u6307\u4ee4\uff1b -t<\u6587\u4ef6\u7cfb\u7edf\u7c7b\u578b>\u6216--type = <\u6587\u4ef6\u7cfb\u7edf\u7c7b\u578b>\uff1a\u4ec5\u663e\u793a\u6307\u5b9a\u6587\u4ef6\u7cfb\u7edf\u7c7b\u578b\u7684\u78c1\u76d8\u4fe1\u606f\uff1b -T\u6216--print-type\uff1a\u663e\u793a\u6587\u4ef6\u7cfb\u7edf\u7684\u7c7b\u578b\uff1b -x<\u6587\u4ef6\u7cfb\u7edf\u7c7b\u578b>\u6216--exclude-type = <\u6587\u4ef6\u7cfb\u7edf\u7c7b\u578b>\uff1a\u4e0d\u8981\u663e\u793a\u6307\u5b9a\u6587\u4ef6\u7cfb\u7edf\u7c7b\u578b\u7684\u78c1\u76d8\u4fe1\u606f\uff1b --help\uff1a\u663e\u793a\u5e2e\u52a9\uff1b --version\uff1a\u663e\u793a\u7248\u672c\u4fe1\u606f\u3002 du \u67e5\u770b\u6587\u4ef6\u548c\u76ee\u5f55\u5927\u5c0f\u7684\u547d\u4ee4 du \u7528\u6765\u67e5\u770b\u6587\u4ef6\u548c\u76ee\u5f55\u5927\u5c0f\u7528\u7684\uff0c\u548c df \u7565\u6709\u533a\u522b\u3002 \u5982\u8981\u770b /home \u76ee\u5f55\u7684\u603b\u5927\u5c0f\uff0c\u53ef\u4ee5\u7528\u4ee5\u4e0b\u547d\u4ee4\uff1a du -sh /home \u6216\u8005\u8fdb\u5230 /home \u76ee\u5f55\u540e\u76f4\u63a5\u6267\u884c\uff1a # -s\u53c2\u6570\u5c31\u662f\u67e5\u770b\u603b\u5927\u5c0f\uff08\u533a\u522b\u4e8e\u67e5\u770b\u5176\u4e2d\u6bcf\u4e2a\u76ee\u5f55\u7684\u5927\u5c0f\uff09 du -sh \u67e5\u770b /hoome \u76ee\u5f55\u4e0b\u5404\u4e2a\u5b50\u76ee\u5f55\u7684\u5927\u5c0f\uff0c\u5305\u62ec\u5b50\u76ee\u5f55\u7684\u5b50\u76ee\u5f55\uff0c\u4f46\u4e0d\u5305\u542b /home \u4e0b\u6587\u4ef6\uff1a du -h \u67e5\u770b /home \u76ee\u5f55\u4e0b\u5404\u4e2a\u5b50\u76ee\u5f55\u7684\u5927\u5c0f\uff0c\u4e0d\u5305\u62ec\u5b50\u76ee\u5f55\u7684\u5b50\u76ee\u5f55\uff1a du -sh * du \u547d\u4ee4\u53c2\u6570\uff1a -a\u6216-all \u663e\u793a\u76ee\u5f55\u4e2d\u4e2a\u522b\u6587\u4ef6\u7684\u5927\u5c0f\u3002 -b\u6216-bytes \u663e\u793a\u76ee\u5f55\u6216\u6587\u4ef6\u5927\u5c0f\u65f6\uff0c\u4ee5byte\u4e3a\u5355\u4f4d\u3002 -c\u6216--total \u9664\u4e86\u663e\u793a\u4e2a\u522b\u76ee\u5f55\u6216\u6587\u4ef6\u7684\u5927\u5c0f\u5916\uff0c\u540c\u65f6\u4e5f\u663e\u793a\u6240\u6709\u76ee\u5f55\u6216\u6587\u4ef6\u7684\u603b\u548c\u3002 -k\u6216--kilobytes \u4ee5KB(1024bytes)\u4e3a\u5355\u4f4d\u8f93\u51fa\u3002 -m\u6216--megabytes \u4ee5MB\u4e3a\u5355\u4f4d\u8f93\u51fa\u3002 -s\u6216--summarize \u4ec5\u663e\u793a\u603b\u8ba1\uff0c\u53ea\u5217\u51fa\u6700\u540e\u52a0\u603b\u7684\u503c\u3002 -h\u6216--human-readable \u4ee5K\uff0cM\uff0cG\u4e3a\u5355\u4f4d\uff0c\u63d0\u9ad8\u4fe1\u606f\u7684\u53ef\u8bfb\u6027\u3002 -x\u6216--one-file-xystem \u4ee5\u4e00\u5f00\u59cb\u5904\u7406\u65f6\u7684\u6587\u4ef6\u7cfb\u7edf\u4e3a\u51c6\uff0c\u82e5\u9047\u4e0a\u5176\u5b83\u4e0d\u540c\u7684\u6587\u4ef6\u7cfb\u7edf\u76ee\u5f55\u5219\u7565\u8fc7\u3002 -L<\u7b26\u53f7\u94fe\u63a5>\u6216--dereference<\u7b26\u53f7\u94fe\u63a5> \u663e\u793a\u9009\u9879\u4e2d\u6240\u6307\u5b9a\u7b26\u53f7\u94fe\u63a5\u7684\u6e90\u6587\u4ef6\u5927\u5c0f\u3002 -S\u6216--separate-dirs \u663e\u793a\u4e2a\u522b\u76ee\u5f55\u7684\u5927\u5c0f\u65f6\uff0c\u5e76\u4e0d\u542b\u5176\u5b50\u76ee\u5f55\u7684\u5927\u5c0f\u3002 -X<\u6587\u4ef6>\u6216--exclude-from=<\u6587\u4ef6> \u5728<\u6587\u4ef6>\u6307\u5b9a\u76ee\u5f55\u6216\u6587\u4ef6\u3002 --exclude=<\u76ee\u5f55\u6216\u6587\u4ef6> \u7565\u8fc7\u6307\u5b9a\u7684\u76ee\u5f55\u6216\u6587\u4ef6\u3002 -D\u6216--dereference-args \u663e\u793a\u6307\u5b9a\u7b26\u53f7\u94fe\u63a5\u7684\u6e90\u6587\u4ef6\u5927\u5c0f\u3002 -H\u6216--si \u4e0e-h\u53c2\u6570\u76f8\u540c\uff0c\u4f46\u662fK\uff0cM\uff0cG\u662f\u4ee51000\u4e3a\u6362\u7b97\u5355\u4f4d\u3002 -l\u6216--count-links \u91cd\u590d\u8ba1\u7b97\u786c\u4ef6\u94fe\u63a5\u7684\u6587\u4ef6\u3002 sort \u6392\u5e8f df du \u547d\u4ee4\u53ef\u4ee5\u548c sort \u4e00\u8d77\u4f7f\u7528\u5b9e\u73b0\u6392\u5e8f\u3002 \u5c06\u6587\u4ef6\u5939\u4e2d\u7684\u6587\u4ef6\u6309\u5927\u5c0f\u6392\u5e8f\uff1a du -a | sort -rn -r\u53c2\u6570\u4ee3\u8868\u53cd\u5411\u6392\u5e8f, -n\u4ee3\u8868\u6309\u7167\u6570\u5b57\u6392\u5e8f\uff0c\u53ea\u8ba4\u6570\u5b57\u4e0d\u8ba4\u5355\u4f4d\uff0c\u5355\u4f4d\u662f\u9ed8\u8ba4\u7684KB\uff0c\u6240\u4ee5\u8fd9\u4e2a\u547d\u4ee4\u4e0d\u80fd\u7528 du -ah\uff0c\u8fd9\u4f1a\u4f7f\u6392\u5e8f\u7ed3\u679c\u51fa\u73b02M\u5c0f\u4e8e100K\u7684\u60c5\u51b5\u3002 sort\u547d\u4ee4\u53c2\u6570\uff1a -b\uff1a\u5ffd\u7565\u6bcf\u884c\u524d\u9762\u5f00\u59cb\u51fa\u7684\u7a7a\u683c\u5b57\u7b26\uff1b -c\uff1a\u68c0\u67e5\u6587\u4ef6\u662f\u5426\u5df2\u7ecf\u6309\u7167\u987a\u5e8f\u6392\u5e8f\uff1b -d\uff1a\u6392\u5e8f\u65f6\uff0c\u5904\u7406\u82f1\u6587\u5b57\u6bcd\u3001\u6570\u5b57\u53ca\u7a7a\u683c\u5b57\u7b26\u5916\uff0c\u5ffd\u7565\u5176\u4ed6\u7684\u5b57\u7b26\uff1b -f\uff1a\u6392\u5e8f\u65f6\uff0c\u5c06\u5c0f\u5199\u5b57\u6bcd\u89c6\u4e3a\u5927\u5199\u5b57\u6bcd\uff1b -i\uff1a\u6392\u5e8f\u65f6\uff0c\u9664\u4e86040\u81f3176\u4e4b\u95f4\u7684ASCII\u5b57\u7b26\u5916\uff0c\u5ffd\u7565\u5176\u4ed6\u7684\u5b57\u7b26\uff1b -m\uff1a\u5c06\u51e0\u4e2a\u6392\u5e8f\u53f7\u7684\u6587\u4ef6\u8fdb\u884c\u5408\u5e76\uff1b -M\uff1a\u5c06\u524d\u97623\u4e2a\u5b57\u6bcd\u4f9d\u7167\u6708\u4efd\u7684\u7f29\u5199\u8fdb\u884c\u6392\u5e8f\uff1b -n\uff1a\u4f9d\u7167\u6570\u503c\u7684\u5927\u5c0f\u6392\u5e8f\uff1b -o<\u8f93\u51fa\u6587\u4ef6>\uff1a\u5c06\u6392\u5e8f\u540e\u7684\u7ed3\u679c\u5b58\u5165\u5236\u5b9a\u7684\u6587\u4ef6\uff1b -r\uff1a\u4ee5\u76f8\u53cd\u7684\u987a\u5e8f\u6765\u6392\u5e8f\uff1b -t<\u5206\u9694\u5b57\u7b26>\uff1a\u6307\u5b9a\u6392\u5e8f\u65f6\u6240\u7528\u7684\u680f\u4f4d\u5206\u9694\u5b57\u7b26\uff1b +<\u8d77\u59cb\u680f\u4f4d>-<\u7ed3\u675f\u680f\u4f4d>\uff1a\u4ee5\u6307\u5b9a\u7684\u680f\u4f4d\u6765\u6392\u5e8f\uff0c\u8303\u56f4\u7531\u8d77\u59cb\u680f\u4f4d\u5230\u7ed3\u675f\u680f\u4f4d\u7684\u524d\u4e00\u680f\u4f4d\u3002 \u53c2\u8003 [1] vgdisplay \u663e\u793a\u5377\u7ec4\u8be6\u7ec6\u4fe1\u606f [2] Linux\u4e2d\u67e5\u770b\u78c1\u76d8\u5927\u5c0f\u3001\u6587\u4ef6\u5927\u5c0f\u3001\u6392\u5e8f\u65b9\u6cd5\u5c0f\u7ed3 [3] \u5982\u4f55\u6269\u5927ubuntu\u7684ubuntu--vg-ubuntu--lv\u7a7a\u95f4","title":"Linux\u78c1\u76d8\u76f8\u5173"},{"location":"develop/command/Linux%E7%A3%81%E7%9B%98%E7%9B%B8%E5%85%B3/#linux","text":"","title":"Linux\u78c1\u76d8\u76f8\u5173"},{"location":"develop/command/Linux%E7%A3%81%E7%9B%98%E7%9B%B8%E5%85%B3/#vgdisplay","text":"vgdisplay \u547d\u4ee4\u663e\u793a LVM \u5377\u7ec4\u7684\u4fe1\u606f\u3002\u5982\u679c\u4e0d\u6307\u5b9a\u201d\u5377\u7ec4\u201d\u53c2\u6570\uff0c\u5219\u5206\u522b\u663e\u793a\u6240\u6709\u5377\u7ec4\u7684\u5c5e\u6027\u3002 pvscan [-As] [vg] \u9009\u9879\uff1a - -A\uff1a\u4ec5\u663e\u793a\u6d3b\u52a8\u5377\u7ec4\u7684\u5c5e\u6027 - -s\uff1a\u4f7f\u7528\u77ed\u683c\u5f0f\u8f93\u51fa\u7684\u4fe1\u606f \u53c2\u6570\uff1a vg\uff1a\u8981\u663e\u793a\u5c5e\u6027\u7684\u5377\u7ec4\u540d\u79f0,\u793a\u4f8b\uff1a \u663e\u793a\u5b58\u5728\u7684\u5377\u7ec4vg1000\u7684\u5c5e\u6027 vgdisplay vg1000 \u663e\u793a\u6240\u6709\u5377\u7ec4\u4fe1\u606f\uff1a vgdisplay","title":"vgdisplay"},{"location":"develop/command/Linux%E7%A3%81%E7%9B%98%E7%9B%B8%E5%85%B3/#_1","text":"\u7528 lvresize \u547d\u4ee4\u7ed9\u78c1\u76d8\u6269\u5bb9\u6216\u7f29\u51cf\uff0c\u7528 resize2fs \u6267\u884c\u53d8\u66f4\u3002 lvresize \u547d\u4ee4\u8fdb\u884c\u78c1\u76d8\u6269\u5bb9\u6216\u7f29\u51cf\uff1a lvextend -L 10G /dev/mapper/ubuntu--vg-ubuntu--lv //\u589e\u5927\u6216\u51cf\u5c0f\u81f319G lvextend -L +10G /dev/mapper/ubuntu--vg-ubuntu--lv //\u589e\u52a010G lvreduce -L -10G /dev/mapper/ubuntu--vg-ubuntu--lv //\u51cf\u5c0f10G lvresize -l +100%FREE /dev/mapper/ubuntu--vg-ubuntu--lv //\u6309\u767e\u5206\u6bd4\u6269 resize2fs \u6267\u884c\u53d8\u66f4\uff1a resize2fs /dev/mapper/ubuntu--vg-ubuntu--lv \u4f8b\u5b50 $ df -Th Filesystem Type Size Used Avail Use% Mounted on udev devtmpfs 1 .9G 0 1 .9G 0 % /dev tmpfs tmpfs 394M 12M 383M 3 % /run /dev/mapper/ubuntu--vg-ubuntu--lv ext4 20G 20G 0 100 % / tmpfs tmpfs 2 .0G 0 2 .0G 0 % /dev/shm tmpfs tmpfs 5 .0M 4 .0K 5 .0M 1 % /run/lock tmpfs tmpfs 2 .0G 0 2 .0G 0 % /sys/fs/cgroup /dev/sda2 ext4 976M 206M 704M 23 % /boot share vboxsf 932G 264G 668G 29 % /home/nathan/windows tmpfs tmpfs 394M 8 .0K 394M 1 % /run/user/124 tmpfs tmpfs 394M 4 .0K 394M 1 % /run/user/1000 $ df /tmp -h Filesystem Size Used Avail Use% Mounted on /dev/mapper/ubuntu--vg-ubuntu--lv 20G 20G 0 100 % / /dev/mapper/ubuntu--vg-ubuntu--lv \u5df2\u7ecf\u6ca1\u7a7a\u95f2\u7a7a\u95f4\u4e86\u3002 \u67e5\u770b\u5377\u4fe1\u606f\uff1a root@vb-ubuntu:/home/nathan# vgdisplay --- Volume group --- VG Name ubuntu-vg System ID Format lvm2 Metadata Areas 1 Metadata Sequence No 2 VG Access read/write VG Status resizable MAX LV 0 Cur LV 1 Open LV 1 Max PV 0 Cur PV 1 Act PV 1 VG Size < 39 .00 GiB PE Size 4 .00 MiB Total PE 9983 Alloc PE / Size 5120 / 20 .00 GiB Free PE / Size 4863 / < 19 .00 GiB VG UUID UIaujX-muWO-u1L0-R674-suW1-ApCY-UJhNvH Free \u8fd8\u6709\u5269\u4f59\u53ef\u4ee5\u4f7f\u7528\uff0c\u574710G\u6765\u7528\u3002 root@vb-ubuntu:/home/nathan# lvresize -L +10G /dev/mapper/ubuntu--vg-ubuntu--lv Size of logical volume ubuntu-vg/ubuntu-lv changed from 20 .00 GiB ( 5120 extents ) to 30 .00 GiB ( 7680 extents ) . Logical volume ubuntu-vg/ubuntu-lv successfully resized. root@vb-ubuntu:/home/nathan# resize2fs /dev/mapper/ubuntu--vg-ubuntu--lv resize2fs 1 .45.5 ( 07 -Jan-2020 ) Filesystem at /dev/mapper/ubuntu--vg-ubuntu--lv is mounted on / ; on-line resizing required old_desc_blocks = 3 , new_desc_blocks = 4 The filesystem on /dev/mapper/ubuntu--vg-ubuntu--lv is now 7864320 ( 4k ) blocks long. \u518d\u770b\u770b\uff1a root@vb-ubuntu:/home/nathan# vgdisplay --- Volume group --- VG Name ubuntu-vg System ID Format lvm2 Metadata Areas 1 Metadata Sequence No 3 VG Access read/write VG Status resizable MAX LV 0 Cur LV 1 Open LV 1 Max PV 0 Cur PV 1 Act PV 1 VG Size < 39 .00 GiB PE Size 4 .00 MiB Total PE 9983 Alloc PE / Size 7680 / 30 .00 GiB Free PE / Size 2303 / < 9 .00 GiB VG UUID UIaujX-muWO-u1L0-R674-suW1-ApCY-UJhNvH root@vb-ubuntu:/home/nathan# df -Thl Filesystem Type Size Used Avail Use% Mounted on udev devtmpfs 1 .9G 0 1 .9G 0 % /dev tmpfs tmpfs 394M 12M 383M 3 % /run /dev/mapper/ubuntu--vg-ubuntu--lv ext4 30G 20G 8 .5G 70 % / tmpfs tmpfs 2 .0G 0 2 .0G 0 % /dev/shm tmpfs tmpfs 5 .0M 4 .0K 5 .0M 1 % /run/lock tmpfs tmpfs 2 .0G 0 2 .0G 0 % /sys/fs/cgroup /dev/sda2 ext4 976M 206M 704M 23 % /boot share vboxsf 932G 264G 668G 29 % /home/nathan/windows tmpfs tmpfs 394M 8 .0K 394M 1 % /run/user/124 tmpfs tmpfs 394M 4 .0K 394M 1 % /run/user/1000","title":"\u78c1\u76d8\u6269\u5bb9/\u7f29\u51cf"},{"location":"develop/command/Linux%E7%A3%81%E7%9B%98%E7%9B%B8%E5%85%B3/#df","text":"df \u547d\u4ee4\u7528\u4e8e\u67e5\u770b\u78c1\u76d8\u5206\u533a\u4e0a\u7684\u78c1\u76d8\u7a7a\u95f4\uff0c\u5305\u62ec\u4f7f\u7528\u4e86\u591a\u5c11\uff0c\u8fd8\u5269\u591a\u5c11\uff0c\u9ed8\u8ba4\u5355\u4f4d\u662fKB. df -Thl \u53c2\u6570\uff1a -a\u6216--all\uff1a\u5305\u542b\u5168\u90e8\u7684\u6587\u4ef6\u7cfb\u7edf\uff1b --block-size = <\u533a\u5757\u5927\u5c0f>\uff1a\u4ee5\u6307\u5b9a\u7684\u533a\u5757\u5927\u5c0f\u6765\u663e\u793a\u533a\u5757\u6570\u76ee\uff1b -h\u6216--human-readable\uff1a\u4ee5\u53ef\u8bfb\u6027\u8f83\u9ad8\u7684\u65b9\u5f0f\u6765\u663e\u793a\u4fe1\u606f\uff1b -H\u6216--si\uff1a\u4e0e-h\u53c2\u6570\u76f8\u540c\uff0c\u4f46\u5728\u8ba1\u7b97\u65f6\u662f\u4ee51000 Bytes\u4e3a\u6362\u7b97\u5355\u4f4d\u800c\u975e1024 Bytes\uff1b -i\u6216--inodes\uff1a\u663e\u793ainode\u7684\u4fe1\u606f\uff1b -k\u6216--kilobytes\uff1a\u6307\u5b9a\u533a\u5757\u5927\u5c0f\u4e3a1024\u5b57\u8282\uff1b -l\u6216--local\uff1a\u4ec5\u663e\u793a\u672c\u5730\u7aef\u7684\u6587\u4ef6\u7cfb\u7edf\uff1b -m\u6216--megabytes\uff1a\u6307\u5b9a\u533a\u5757\u5927\u5c0f\u4e3a1048576\u5b57\u8282\uff1b --no-sync\uff1a\u5728\u53d6\u5f97\u78c1\u76d8\u4f7f\u7528\u4fe1\u606f\u524d\uff0c\u4e0d\u8981\u6267\u884csync\u6307\u4ee4\uff0c\u6b64\u4e3a\u9884\u8bbe\u503c\uff1b -P\u6216--portability\uff1a\u4f7f\u7528POSIX\u7684\u8f93\u51fa\u683c\u5f0f\uff1b --sync\uff1a\u5728\u53d6\u5f97\u78c1\u76d8\u4f7f\u7528\u4fe1\u606f\u524d\uff0c\u5148\u6267\u884csync\u6307\u4ee4\uff1b -t<\u6587\u4ef6\u7cfb\u7edf\u7c7b\u578b>\u6216--type = <\u6587\u4ef6\u7cfb\u7edf\u7c7b\u578b>\uff1a\u4ec5\u663e\u793a\u6307\u5b9a\u6587\u4ef6\u7cfb\u7edf\u7c7b\u578b\u7684\u78c1\u76d8\u4fe1\u606f\uff1b -T\u6216--print-type\uff1a\u663e\u793a\u6587\u4ef6\u7cfb\u7edf\u7684\u7c7b\u578b\uff1b -x<\u6587\u4ef6\u7cfb\u7edf\u7c7b\u578b>\u6216--exclude-type = <\u6587\u4ef6\u7cfb\u7edf\u7c7b\u578b>\uff1a\u4e0d\u8981\u663e\u793a\u6307\u5b9a\u6587\u4ef6\u7cfb\u7edf\u7c7b\u578b\u7684\u78c1\u76d8\u4fe1\u606f\uff1b --help\uff1a\u663e\u793a\u5e2e\u52a9\uff1b --version\uff1a\u663e\u793a\u7248\u672c\u4fe1\u606f\u3002","title":"df \u67e5\u770b\u78c1\u76d8\u7a7a\u95f4\u5927\u5c0f\u7684\u547d"},{"location":"develop/command/Linux%E7%A3%81%E7%9B%98%E7%9B%B8%E5%85%B3/#du","text":"du \u7528\u6765\u67e5\u770b\u6587\u4ef6\u548c\u76ee\u5f55\u5927\u5c0f\u7528\u7684\uff0c\u548c df \u7565\u6709\u533a\u522b\u3002 \u5982\u8981\u770b /home \u76ee\u5f55\u7684\u603b\u5927\u5c0f\uff0c\u53ef\u4ee5\u7528\u4ee5\u4e0b\u547d\u4ee4\uff1a du -sh /home \u6216\u8005\u8fdb\u5230 /home \u76ee\u5f55\u540e\u76f4\u63a5\u6267\u884c\uff1a # -s\u53c2\u6570\u5c31\u662f\u67e5\u770b\u603b\u5927\u5c0f\uff08\u533a\u522b\u4e8e\u67e5\u770b\u5176\u4e2d\u6bcf\u4e2a\u76ee\u5f55\u7684\u5927\u5c0f\uff09 du -sh \u67e5\u770b /hoome \u76ee\u5f55\u4e0b\u5404\u4e2a\u5b50\u76ee\u5f55\u7684\u5927\u5c0f\uff0c\u5305\u62ec\u5b50\u76ee\u5f55\u7684\u5b50\u76ee\u5f55\uff0c\u4f46\u4e0d\u5305\u542b /home \u4e0b\u6587\u4ef6\uff1a du -h \u67e5\u770b /home \u76ee\u5f55\u4e0b\u5404\u4e2a\u5b50\u76ee\u5f55\u7684\u5927\u5c0f\uff0c\u4e0d\u5305\u62ec\u5b50\u76ee\u5f55\u7684\u5b50\u76ee\u5f55\uff1a du -sh * du \u547d\u4ee4\u53c2\u6570\uff1a -a\u6216-all \u663e\u793a\u76ee\u5f55\u4e2d\u4e2a\u522b\u6587\u4ef6\u7684\u5927\u5c0f\u3002 -b\u6216-bytes \u663e\u793a\u76ee\u5f55\u6216\u6587\u4ef6\u5927\u5c0f\u65f6\uff0c\u4ee5byte\u4e3a\u5355\u4f4d\u3002 -c\u6216--total \u9664\u4e86\u663e\u793a\u4e2a\u522b\u76ee\u5f55\u6216\u6587\u4ef6\u7684\u5927\u5c0f\u5916\uff0c\u540c\u65f6\u4e5f\u663e\u793a\u6240\u6709\u76ee\u5f55\u6216\u6587\u4ef6\u7684\u603b\u548c\u3002 -k\u6216--kilobytes \u4ee5KB(1024bytes)\u4e3a\u5355\u4f4d\u8f93\u51fa\u3002 -m\u6216--megabytes \u4ee5MB\u4e3a\u5355\u4f4d\u8f93\u51fa\u3002 -s\u6216--summarize \u4ec5\u663e\u793a\u603b\u8ba1\uff0c\u53ea\u5217\u51fa\u6700\u540e\u52a0\u603b\u7684\u503c\u3002 -h\u6216--human-readable \u4ee5K\uff0cM\uff0cG\u4e3a\u5355\u4f4d\uff0c\u63d0\u9ad8\u4fe1\u606f\u7684\u53ef\u8bfb\u6027\u3002 -x\u6216--one-file-xystem \u4ee5\u4e00\u5f00\u59cb\u5904\u7406\u65f6\u7684\u6587\u4ef6\u7cfb\u7edf\u4e3a\u51c6\uff0c\u82e5\u9047\u4e0a\u5176\u5b83\u4e0d\u540c\u7684\u6587\u4ef6\u7cfb\u7edf\u76ee\u5f55\u5219\u7565\u8fc7\u3002 -L<\u7b26\u53f7\u94fe\u63a5>\u6216--dereference<\u7b26\u53f7\u94fe\u63a5> \u663e\u793a\u9009\u9879\u4e2d\u6240\u6307\u5b9a\u7b26\u53f7\u94fe\u63a5\u7684\u6e90\u6587\u4ef6\u5927\u5c0f\u3002 -S\u6216--separate-dirs \u663e\u793a\u4e2a\u522b\u76ee\u5f55\u7684\u5927\u5c0f\u65f6\uff0c\u5e76\u4e0d\u542b\u5176\u5b50\u76ee\u5f55\u7684\u5927\u5c0f\u3002 -X<\u6587\u4ef6>\u6216--exclude-from=<\u6587\u4ef6> \u5728<\u6587\u4ef6>\u6307\u5b9a\u76ee\u5f55\u6216\u6587\u4ef6\u3002 --exclude=<\u76ee\u5f55\u6216\u6587\u4ef6> \u7565\u8fc7\u6307\u5b9a\u7684\u76ee\u5f55\u6216\u6587\u4ef6\u3002 -D\u6216--dereference-args \u663e\u793a\u6307\u5b9a\u7b26\u53f7\u94fe\u63a5\u7684\u6e90\u6587\u4ef6\u5927\u5c0f\u3002 -H\u6216--si \u4e0e-h\u53c2\u6570\u76f8\u540c\uff0c\u4f46\u662fK\uff0cM\uff0cG\u662f\u4ee51000\u4e3a\u6362\u7b97\u5355\u4f4d\u3002 -l\u6216--count-links \u91cd\u590d\u8ba1\u7b97\u786c\u4ef6\u94fe\u63a5\u7684\u6587\u4ef6\u3002","title":"du \u67e5\u770b\u6587\u4ef6\u548c\u76ee\u5f55\u5927\u5c0f\u7684\u547d\u4ee4"},{"location":"develop/command/Linux%E7%A3%81%E7%9B%98%E7%9B%B8%E5%85%B3/#sort","text":"df du \u547d\u4ee4\u53ef\u4ee5\u548c sort \u4e00\u8d77\u4f7f\u7528\u5b9e\u73b0\u6392\u5e8f\u3002 \u5c06\u6587\u4ef6\u5939\u4e2d\u7684\u6587\u4ef6\u6309\u5927\u5c0f\u6392\u5e8f\uff1a du -a | sort -rn -r\u53c2\u6570\u4ee3\u8868\u53cd\u5411\u6392\u5e8f, -n\u4ee3\u8868\u6309\u7167\u6570\u5b57\u6392\u5e8f\uff0c\u53ea\u8ba4\u6570\u5b57\u4e0d\u8ba4\u5355\u4f4d\uff0c\u5355\u4f4d\u662f\u9ed8\u8ba4\u7684KB\uff0c\u6240\u4ee5\u8fd9\u4e2a\u547d\u4ee4\u4e0d\u80fd\u7528 du -ah\uff0c\u8fd9\u4f1a\u4f7f\u6392\u5e8f\u7ed3\u679c\u51fa\u73b02M\u5c0f\u4e8e100K\u7684\u60c5\u51b5\u3002 sort\u547d\u4ee4\u53c2\u6570\uff1a -b\uff1a\u5ffd\u7565\u6bcf\u884c\u524d\u9762\u5f00\u59cb\u51fa\u7684\u7a7a\u683c\u5b57\u7b26\uff1b -c\uff1a\u68c0\u67e5\u6587\u4ef6\u662f\u5426\u5df2\u7ecf\u6309\u7167\u987a\u5e8f\u6392\u5e8f\uff1b -d\uff1a\u6392\u5e8f\u65f6\uff0c\u5904\u7406\u82f1\u6587\u5b57\u6bcd\u3001\u6570\u5b57\u53ca\u7a7a\u683c\u5b57\u7b26\u5916\uff0c\u5ffd\u7565\u5176\u4ed6\u7684\u5b57\u7b26\uff1b -f\uff1a\u6392\u5e8f\u65f6\uff0c\u5c06\u5c0f\u5199\u5b57\u6bcd\u89c6\u4e3a\u5927\u5199\u5b57\u6bcd\uff1b -i\uff1a\u6392\u5e8f\u65f6\uff0c\u9664\u4e86040\u81f3176\u4e4b\u95f4\u7684ASCII\u5b57\u7b26\u5916\uff0c\u5ffd\u7565\u5176\u4ed6\u7684\u5b57\u7b26\uff1b -m\uff1a\u5c06\u51e0\u4e2a\u6392\u5e8f\u53f7\u7684\u6587\u4ef6\u8fdb\u884c\u5408\u5e76\uff1b -M\uff1a\u5c06\u524d\u97623\u4e2a\u5b57\u6bcd\u4f9d\u7167\u6708\u4efd\u7684\u7f29\u5199\u8fdb\u884c\u6392\u5e8f\uff1b -n\uff1a\u4f9d\u7167\u6570\u503c\u7684\u5927\u5c0f\u6392\u5e8f\uff1b -o<\u8f93\u51fa\u6587\u4ef6>\uff1a\u5c06\u6392\u5e8f\u540e\u7684\u7ed3\u679c\u5b58\u5165\u5236\u5b9a\u7684\u6587\u4ef6\uff1b -r\uff1a\u4ee5\u76f8\u53cd\u7684\u987a\u5e8f\u6765\u6392\u5e8f\uff1b -t<\u5206\u9694\u5b57\u7b26>\uff1a\u6307\u5b9a\u6392\u5e8f\u65f6\u6240\u7528\u7684\u680f\u4f4d\u5206\u9694\u5b57\u7b26\uff1b +<\u8d77\u59cb\u680f\u4f4d>-<\u7ed3\u675f\u680f\u4f4d>\uff1a\u4ee5\u6307\u5b9a\u7684\u680f\u4f4d\u6765\u6392\u5e8f\uff0c\u8303\u56f4\u7531\u8d77\u59cb\u680f\u4f4d\u5230\u7ed3\u675f\u680f\u4f4d\u7684\u524d\u4e00\u680f\u4f4d\u3002","title":"sort \u6392\u5e8f"},{"location":"develop/command/Linux%E7%A3%81%E7%9B%98%E7%9B%B8%E5%85%B3/#_2","text":"[1] vgdisplay \u663e\u793a\u5377\u7ec4\u8be6\u7ec6\u4fe1\u606f [2] Linux\u4e2d\u67e5\u770b\u78c1\u76d8\u5927\u5c0f\u3001\u6587\u4ef6\u5927\u5c0f\u3001\u6392\u5e8f\u65b9\u6cd5\u5c0f\u7ed3 [3] \u5982\u4f55\u6269\u5927ubuntu\u7684ubuntu--vg-ubuntu--lv\u7a7a\u95f4","title":"\u53c2\u8003"},{"location":"develop/command/Linux%E8%AE%BE%E7%BD%AE/","text":"Linux \u8bbe\u7f6e \u7cfb\u7edf\u5b89\u88c5 \u5206\u533a\u8bbe\u7f6e\uff0c\u9009\u62e9\u7a7a\u95f2\u7684\u5206\u533a\u8fdb\u884c\u5206\u5272 /boot \u4e3b\u5206\u533a 1G / \u903b\u8f91\u5206\u533a 300G /home \u903b\u8f91\u5206\u533a 199G boot \u76f4\u63a5\u7ed9\u4e2a1G\uff0c\u592a\u5c0f\u7684\u8bdd\u5347\u7ea7\u4f1a\u51fa\u95ee\u9898\uff0chome \u653e\u81ea\u5df1\u7684\u6587\u4ef6\uff0c\u5206\u51fa\u6765\u91cd\u88c5\u7701\u4e8b\u70b9\u3002swap \u5206\u533a\u4e0d\u9700\u8981\uff0cUbuntu \u4f1a\u9ed8\u8ba4\u521b\u5efa\u4e00\u4e2a2G\u7684 swapfile \u6765\u7528\u7684\u3002 \u6700\u540e\u6ce8\u610f\u9009\u62e9 boot \u6240\u5728\u7684\u5206\u533a\u4f5c\u4e3a\u542f\u52a8\u5f15\u5bfc\u5176\u8bbe\u5907\uff08Device for boot loader installation\uff09\u3002 \u5b89\u88c5\u53c2\u8003 WIN10\u5b89\u88c5Ubuntu20\u53cc\u7cfb\u7edf \u5b57\u4f53\u548c\u4e3b\u9898\u8bbe\u7f6e \u5b89\u88c5\u684c\u9762\u914d\u7f6e\u5de5\u5177 sudo apt install gnome-tweaks \u7136\u540e\u6253\u5f00 Tweaks \u5c31\u53ef\u4ee5\u8bbe\u7f6e\u4e3b\u9898\uff08Appearance-Application\uff09\u6216\u8005\u5b57\u4f53\uff08Fonts\uff09\u3002 \u5b89\u88c5 JDK sudo apt-get install openjdk-11-jdk openjdk-11-source sudo apt-get install openjdk-17-jdk openjdk-17-source \u521b\u5efa IDEA \u548c Obsidian \u5e94\u7528\u56fe\u6807 \u7f16\u8f91 sudo vi /usr/share/applications/idea.desktop [ Desktop Entry ] Name = IntelliJ IDEA Comment = IntelliJ IDEA Exec = /home/nathan/app/idea-IC-213.6777.52/bin/idea.sh Icon = /home/nathan/app/idea-IC-213.6777.52/bin/idea.svg Terminal = false Type = Application Categories = Developer ; \u7f16\u8f91 sudo vi /usr/share/applications/obsidian.desktop [ Desktop Entry ] Name = Obsidian Comment = Obsidian Exec = /home/nathan/app/obsidian/Obsidian-0.14.2.AppImage Icon = /home/nathan/app/obsidian/favicon.ico Terminal = false Type = Application Categories = Developer ; \u82e5\u662f\u9700\u8981\u5f00\u673a\u81ea\u52a8\u542f\u52a8\u7a0b\u5e8f\uff0c\u5219\u9700\u628a.desktop\u6587\u4ef6\u653e\u7f6e\u5728~/.config/autostart/ JetBrain \u8f6f\u4ef6\u4e0b fcitx \u8f93\u5165\u6cd5\u5019\u9009\u6846\u4e0d\u8ddf\u968f\u9f20\u6807\u4fee\u590d\u8bbe\u7f6e https://github.com/RikudouPatrickstar/JetBrainsRuntime-for-Linux-x64 \u4e0b\u8f7d JDk \u5e76\u89e3\u538b\u7f29\uff0c\u4fee\u6539 idea.sh \u5728\u524d\u9762\u52a0\u4e0a\u4e0b\u8f7d\u7684 JDK \u6240\u5728\u76ee\u5f55\uff1a # fix sogou issue export IDEA_JDK = /home/nathan/app/jdk/jbr \u5982\u679c\u662f android studio \u90a3\u5c31\u662f export STUDIO_JDK = /home/nathan/app/jdk/jbr \u5b89\u88c5 VirtualBox \u4e0b\u8f7d deb \u6587\u4ef6\u5b89\u88c5 sudo dpkg -i virtualbox-6.1_6.1.32-149290_Ubuntu_eoan_amd64.deb \u7136\u540e\u53ef\u80fd\u4f1a\u770b\u5230\u7f3a\u5c11\u4f9d\u8d56\uff0cvirtualbox \u4e5f\u6253\u4e0d\u5f00 # \u81ea\u52a8\u5b89\u88c5\u7f3a\u5c11\u7684\u4f9d\u8d56 sudo apt-get -f -y install # \u91cd\u65b0\u518d\u88c5\u4e00\u6b21 sudo dpkg -i virtualbox-6.1_6.1.32-149290_Ubuntu_eoan_amd64.deb sudo apt-get -f install,\u662f\u4fee\u590d\u4f9d\u8d56\u5173\u7cfb(depends)\u7684\u547d\u4ee4,\u5c31\u662f\u5047\u5982\u4f60\u7684\u7cfb\u7edf\u4e0a\u6709\u67d0\u4e2apackage\u4e0d\u6ee1\u8db3\u4f9d\u8d56\u6761\u4ef6,\u8fd9\u4e2a\u547d\u4ee4\u5c31\u4f1a\u81ea\u52a8\u4fee\u590d,\u5b89\u88c5\u90a3\u4e2apackage\u4f9d\u8d56\u7684package\u3002 \u65b0\u5efa\u865a\u62df\u673a\u7684\u65f6\u5019\u78b0\u5230\u5185\u6838\u9519\u8bef Kernel driver not installed (rc=-1908) \uff0c\u6839\u636e\u62a5\u9519\u63d0\u793a\uff0c\u6267\u884c nathan@nathan-tp:~/Downloads$ sudo /sbin/vboxconfig [ sudo ] password for nathan: vboxdrv.sh: Stopping VirtualBox services. vboxdrv.sh: Starting VirtualBox services. vboxdrv.sh: Building VirtualBox kernel modules. This system is currently not set up to build kernel modules. Please install the gcc make perl packages from your distribution. This system is currently not set up to build kernel modules. Please install the gcc make perl packages from your distribution. There were problems setting up VirtualBox. To re-start the set-up process, run /sbin/vboxconfig as root. If your system is using EFI Secure Boot you may need to sign the kernel modules ( vboxdrv, vboxnetflt, vboxnetadp, vboxpci ) before you can load them. Please see your Linux system ' s documentation for more information. gcc make perl \u6ca1\u88c5\uff0c\u88c5\u4e0a sudo apt-get install gcc make perl \u518d\u6267\u884c\u53ef\u4ee5\u4e86 nathan@nathan-tp:~/Downloads$ sudo /sbin/vboxconfig vboxdrv.sh: Stopping VirtualBox services. vboxdrv.sh: Starting VirtualBox services. vboxdrv.sh: Building VirtualBox kernel modules. \u589e\u5f3a\u5de5\u5177 Deviced-insert Guest Additions CD image \u589e\u5f3a\u5de5\u5177\u70b9\u4e86\u6ca1\u53cd\u5e94\uff0c\u76f4\u63a5\u5230 http://download.virtualbox.org/virtualbox/ \u4e0b\u8f7d\u5bf9\u5e94\u7248\u672c\u7684 addition\uff0c\u5982 VBoxGuestAdditions_6.1.2.iso\uff0c\u6253\u5f00\u9009\u62e9\u5bf9\u5e94\u7cfb\u7edf\u7248\u672c\u5b89\u88c5\u3002 \u5b8c\u6bd5\u91cd\u542f\u540e\u53d1\u73b0\u5206\u8fa8\u7387\u53d8\u9ad8\u4e86\uff0c\u4e0d\u518d\u662f 600*800 \u4e86\u3002 \u5168\u5c4f\u4e0e\u975e\u5168\u5c4f\u5207\u6362\uff1aCtrl+F, \u9700\u8981\u6ce8\u610f\u662f\u53f3\u624b\u8fb9\u7684Ctrl\u952e\u3002 \u53e6\u5916\uff0c\u8fd8\u6709\u5176\u4ed6\u51e0\u4e2a\u53ef\u4ee5\u8bb0\u4f4f\uff1a \u5207\u6362\u5230\u5168\u5c4f\u6a21\u5f0f\uff1aCtrl + F \u5207\u6362\u5230\u65e0\u7f1d\u6a21\u5f0f\uff1aCtrl + L \u5207\u6362\u5230\u6bd4\u4f8b\u6a21\u5f0f\uff1aCtrl + C \u663e\u793a\u63a7\u5236\u83dc\u5355 \uff1aCtrl + Home \u8bb0\u4f4f\uff0c\u4e00\u5b9a\u662f\u53f3\u8fb9\u7684 Ctrl \u952e\uff0c\u8fd9\u4e2a\u952e\u4e5f\u662f\u5207\u6362\u56de\u672c\u673a\u7684\u529f\u80fd\u952e\uff0c\u5148\u6309\u4e00\u4e0b\u53f3 Ctrl\uff0c\u518d\u6309 Alt+Tab \u5c31\u56de\u5230\u672c\u673a\u5e94\u7528\u4e86\uff0c\u800c\u4e0d\u662f\u5728\u865a\u62df\u673a\u91cc\u5207\u6362\u5e94\u7528\u3002 \u8fd9\u6837\u64cd\u4f5c\u540e\u53ef\u80fd\u5206\u8fa8\u7387\u8fd8\u662f\u4e0d\u591f\uff0c\u53ef\u4ee5\u5c1d\u8bd5\u5427\u663e\u5b58\u8c03\u5927\u4e9b Display-Screen-Video Memory \u8bbe\u7f6e\u4e3a 64MB\uff0c\u8fd9\u4e2a\u8981\u5173\u95ed\u865a\u62df\u673a\u65f6\u5019\u624d\u80fd\u6539\u3002 \u6216\u8005\u5c1d\u8bd5\u70b9\u51fb View-Adjust Wnidow size\uff0c\u8ba9\u5206\u8fa8\u7387\u81ea\u9002\u5e94\u3002\u6216\u8005\u70b9\u51fb View-Virtual Screen1 \u9009\u62e9\u60f3\u8981\u7684\u5206\u8fa8\u3002 \u66f4\u6539\u767b\u5f55\u7d2b\u8272\u80cc\u666f \u624b\u52a8\u6bd4\u8f83\u9ebb\u70e6\uff0cgithub \u6709\u4eba\u5199\u4e86\u4e2a\u811a\u672c PRATAP-KUMAR \u4e0b\u8f7d\u89e3\u538b\u540e\u6267\u884c\u547d\u4ee4\u8bbe\u7f6e\uff0c\u8be6\u7ec6\u89c1 GitHub \u8bf4\u660e # \u80cc\u666f\u8bbe\u7f6e\u4e3a\u56fe\u7247 sudo ./ubuntu-gdm-set-background --image /home/user/backgrounds/image.jpg # \u80cc\u666f\u8bbe\u7f6e\u989c\u8272 sudo ./ubuntu-gdm-set-background --color \\# aAbBcC \u7f3a\u7684\u5305\u5b89\u88c5 sudo apt install libglib2.0-dev-bin dock \u5de5\u5177 \u5378\u8f7d\u81ea\u5e26 dock sudo apt-get autoremove --purge gnome-shell-extension-ubuntu-dock -y Chrome \u5b57\u4f53 Minimum \u8c03\u523014\uff0c\u6839\u636e\u9700\u8981\u8bbe\u7f6e\uff0c\u6700\u5c0f\u5b57\u4f53\u80fd\u8ba9\u6709\u4e9b\u5b57\u4f53\u592a\u5c0f\u7684\u7f51\u7ad9\u5bb9\u6613\u770b\u3002 Standard font \u5b57\u4f53\u8bbe\u7f6e\u4e3a Noto Sans Mono CJK SC\uff08\u5176\u5b9e\u5c31\u662f\u601d\u6e90\u9ed1\u4f53\uff09\uff0c\u53ef\u4ee5\u89e3\u51b3\u6709\u4e9b\u7f51\u7ad9\u4e2d\u6587\u5b57\u4f53\u5927\u5c0f\u4e0d\u4e00\u7684\u60c5\u51b5\u3002 \u5220\u9664\u684c\u9762\u5feb\u6377\u65b9\u5f0f \u6253\u5f00 Tweaks\uff08\u4f18\u5316\uff09\uff0c\u70b9\u51fb Extensions-Desktop icons \u8bbe\u7f6e\u6309\u94ae\uff0c\u628a\u4e0d\u8981\u7684\u684c\u9762\u56fe\u6807\u53d6\u6d88\u9009\u4e2d\u5c31\u884c\u3002 \u76d1\u63a7\u63d2\u4ef6 Vitals \u6216\u8005 indicator-sysmonitor \u9876\u680f\u900f\u660e transparent-topbar \u8bbe\u7f6e\u622a\u56fe\u5feb\u6377\u952e Setting->Devices->Keyboard \u6253\u5f00\u5feb\u6377\u952e\u8bbe\u7f6e\uff0c\u62c9\u5012\u6700\u4e0b\u9762\u52a0\u53f7\u70b9\u51fb\u6dfb\u52a0\u5feb\u6377\u952e Name: open gnome screenshot Command: gnome-screenshot -i Shortcut: \u6309 Shift+Super\uff08win\uff09+S\uff0c\u5c31\u8ddf Windows \u4e0b\u7684\u622a\u56fe\u4e00\u6837\u4e86 \u4e91\u540c\u6b65 \u6587\u4ef6\u4e91\u540c\u6b65\u6709 Linux \u7248\u7684\u6709 Dropbox \u6216\u8005\u575a\u679c\u4e91\uff0cDropbox \u662f\u88ab\u5899\u7684\uff0c\u7528\u5f97\u5c11\u7684\u8bdd\u575a\u679c\u4e91\u5c31\u591f\u7528\u4e86\u3002\u575a\u679c\u4e91\u5728 Ubuntu \u4e0b\u8981\u7528\u6e90\u4ee3\u7801\u7f16\u8bd1\u5b89\u88c5\uff0cdeb \u65b9\u5f0f\u5b89\u88c5\u7684\u6253\u4e0d\u5f00\u7684\uff0c\u7248\u672c\u6bd4\u8f83\u8001\u4e86\uff0c\u5730\u5740 https://www.jianguoyun.com/s/downloads/linux \u756a\u8304\u949f gnome \u63d2\u4ef6 Time ++ \u5168\u5c40\u53bb\u9664 title bar \u63d2\u4ef6 unite IDEA \u548c VS Code \u7684\u8fd9\u7c7b\u5e94\u7528\u7684\u6807\u9898\u90fd\u53ef\u4ee5\u53bb\u6389\u3002 \u65b9\u4fbf\u67e5\u770b\u5df2\u6253\u5f00\u5e94\u7528\u7684\u63d2\u4ef6 WindowOverlay Icons \u6309 super \u952e\u53ef\u4ee5\u770b\u5230\u5df2\u6253\u5f00\u7684\u6240\u6709\u5e94\u7528\u7684\u7a97\u53e3\uff0c\u4f46\u662f\u5f88\u96be\u5206\u8fa8\u54ea\u4e2a\u7a97\u53e3\u662f\u54ea\u4e2a\u5e94\u7528\uff0c\u8fd9\u4e2a\u63d2\u4ef6\u7ed9\u7a97\u53e3\u52a0\u4e0a\u4e86 icon\uff0c\u8ba9\u5206\u8fa8\u7a97\u53e3\u5e94\u7528\u53d8\u5f97\u5bb9\u6613\u3002 \u7981\u7528 swap \u5b89\u88c5\u7cfb\u7edf\u7684\u65f6\u5019\u6ca1\u6709\u8bbe\u7f6e swap \u5206\u533a\uff0c\u4f46\u662f Ubuntu \u8fd8\u662f\u4f1a\u9ed8\u8ba4\u5728\u6839\u76ee\u5f55\u4e0b\u7ed9\u7cfb\u7edf\u521b\u5efa\u4e86\u4e00\u4e2a2G\u7684 swapfile\u3002 # nathan @ nathan-tp in ~ [20:06:59] $ free -h total used free shared buff/cache available Mem: 31Gi 3 .8Gi 22Gi 605Mi 4 .5Gi 26Gi Swap: 2 .0Gi 0B 2 .0Gi # nathan @ nathan-tp in / [21:42:22] $ ll | grep swap -rw------- 1 root root 2 .0G Mar 25 02 :11 swapfile \u5185\u5b58\u591a\u7684\u5c31\u4e0d\u7528\u5f00 swap \u4e86\uff0c\u5173\u95ed\u547d\u4ee4\uff1a # disable all swaps from /proc/swaps sudo swapoff -a # or execute this commond sudo swapoff /swapfile \u6ca1\u4e86 # nathan @ nathan-tp in ~ [21:55:17] $ free -h total used free shared buff/cache available Mem: 31Gi 4 .5Gi 21Gi 780Mi 4 .8Gi 25Gi Swap: 0B 0B 0B \u4fee\u6539\u914d\u7f6e\uff1a sudo vi /etc/fstab \u6ce8\u91ca /swapfile \u8fd9\u4e00\u884c; #/swapfile none swap sw 0 0 \u6700\u540e\u628a swapfile \u5220\u4e86\uff1a sudo rm /swapfile \u81ea\u52a8\u6302\u8f7d\u78c1\u76d8 \u8fd0\u884c\u5982\u4e0b\u547d\u4ee4\u67e5\u770b\u786c\u76d8\u5206\u533a\uff1a sudo blkid \u770b\u8f93\u51fa\u627e\u5230\u81ea\u5df1\u9700\u8981\u6302\u8f7d\u7684\u76d8\uff0c\u6bd4\u5982\u8fd9\u91cc\u8981\u6302\u8f7d\u7684\u662f c \u76d8 /dev/sdb1 \u548c d \u76d8 /dev/sda2 /dev/sdb1: LABEL=\"win-c\" UUID=\"96A8CBEBA8CBC7C7\" TYPE=\"ntfs\" PARTUUID=\"995606b6-6b82-7ed4-84e7-007d680f31d3\" /dev/sdb2: UUID=\"0C38-06FF\" TYPE=\"vfat\" PARTUUID=\"dc885421-8944-2273-207d-3685601c7169\" /dev/sda1: PARTLABEL=\"Microsoft reserved partition\" PARTUUID=\"140f0f24-f5ff-4ea3-b95e-cd12128e0d58\" /dev/sda2: LABEL=\"win-d\" UUID=\"04BECAB2BECA9C14\" TYPE=\"ntfs\" PARTLABEL=\"Basic data partition\" PARTUUID=\"9a67d1d2-7618-4173-a9d8-d05bf45e924f\" \u4fee\u6539\u914d\u7f6e\u6587\u4ef6 sudo vi /etc/fstab \u6700\u540e\u52a0\u4e0a # Windows disks /dev/sdb1 /media/nathan/win-c /dev/sda2 /media/nathan/win-d \u91cd\u542f\u7cfb\u7edf\u5b8c\u4e8b Nvidia \u9a71\u52a8\u95ee\u9898 nouveau\u662fUbuntu\u7684\u9ed8\u8ba4\u663e\u5361\u9a71\u52a8\uff0c\u4e2a\u4eba\u7535\u8111\u7684\u663e\u5361\u662fNVIDIA\uff0c\u4e4b\u524d\u7ecf\u5e38\u4f11\u7720\u540e\u5524\u9192\u51fa\u73b0\u9519\u8bef: nouveau 0000:02:00:0: bus: MMIO read of 00000000 FAULT at 6013d4 [PRIVRING] \u6240\u4ee5\u60f3\u6362\u6210NVIDIA\u9a71\u52a8\u3002\u76f4\u63a5\u5230Software&Updates\u7684Additional Driver\u4e2d\u9009\u62e9\u60f3\u8981\u5b89\u88c5\u7684\u9a71\u52a8\u5c31\u884c\u3002 \u952e\u4f4d\u4fee\u6539 \u5df2\u7ecf\u5b89\u88c5Tweaks\u6253\u5f00\uff0c\u5230Keyboard&Mouse\uff0cCompose key\u5f00\u5173\u6253\u5f00\uff0c\u9009\u62e9menu\uff0c\u7136\u540eAdditional Layout Options - Caps Lock behavior\uff0c\u9009\u62e9Make Caps Lock an additional Menu key\u3002 \u7136\u540e\u53f3\u952e\u8f93\u5165\u6cd5\u56fe\u6807\uff0c\u6253\u5f00\u914d\u7f6e\uff0cGlobal Config\uff0cTrigger Input Method\uff0c\u6dfb\u52a0\u4e0aMenu\u952e\u4f4d\uff0c\u539f\u6765\u7684Ctrl+Space\u7559\u7740\u5427\u4e0d\u7528\u52a8\u3002 \u6700\u540e\u518d\u8bbe\u7f6e\u641c\u72d7\u8f93\u5165\u6cd5\uff0c\u9ad8\u7ea7-\u4e2d\u82f1\u6587\u5207\u6362\u9009\u62e9\u65e0\u3002\u8f93\u5165\u6cd5\u53ea\u7559\u641c\u72d7\u548c\u7cfb\u7edf\u7684\u82f1\u6587\uff0c\u73b0\u5728\u5199\u4ee3\u7801\u7684\u65f6\u5019\u5c31\u4e0d\u4f1a\u56e0\u4e3a\u65e0\u610f\u6309\u5230Shift\u952e\u5c31\u4e2d\u82f1\u6587\u4e71\u5207\u6362\uff0c\u60f3\u5207\u6362\u5355\u72ec\u7528Caps Lock\u952e\u3002","title":"Linux\u8bbe\u7f6e"},{"location":"develop/command/Linux%E8%AE%BE%E7%BD%AE/#linux","text":"","title":"Linux \u8bbe\u7f6e"},{"location":"develop/command/Linux%E8%AE%BE%E7%BD%AE/#_1","text":"\u5206\u533a\u8bbe\u7f6e\uff0c\u9009\u62e9\u7a7a\u95f2\u7684\u5206\u533a\u8fdb\u884c\u5206\u5272 /boot \u4e3b\u5206\u533a 1G / \u903b\u8f91\u5206\u533a 300G /home \u903b\u8f91\u5206\u533a 199G boot \u76f4\u63a5\u7ed9\u4e2a1G\uff0c\u592a\u5c0f\u7684\u8bdd\u5347\u7ea7\u4f1a\u51fa\u95ee\u9898\uff0chome \u653e\u81ea\u5df1\u7684\u6587\u4ef6\uff0c\u5206\u51fa\u6765\u91cd\u88c5\u7701\u4e8b\u70b9\u3002swap \u5206\u533a\u4e0d\u9700\u8981\uff0cUbuntu \u4f1a\u9ed8\u8ba4\u521b\u5efa\u4e00\u4e2a2G\u7684 swapfile \u6765\u7528\u7684\u3002 \u6700\u540e\u6ce8\u610f\u9009\u62e9 boot \u6240\u5728\u7684\u5206\u533a\u4f5c\u4e3a\u542f\u52a8\u5f15\u5bfc\u5176\u8bbe\u5907\uff08Device for boot loader installation\uff09\u3002 \u5b89\u88c5\u53c2\u8003 WIN10\u5b89\u88c5Ubuntu20\u53cc\u7cfb\u7edf","title":"\u7cfb\u7edf\u5b89\u88c5"},{"location":"develop/command/Linux%E8%AE%BE%E7%BD%AE/#_2","text":"\u5b89\u88c5\u684c\u9762\u914d\u7f6e\u5de5\u5177 sudo apt install gnome-tweaks \u7136\u540e\u6253\u5f00 Tweaks \u5c31\u53ef\u4ee5\u8bbe\u7f6e\u4e3b\u9898\uff08Appearance-Application\uff09\u6216\u8005\u5b57\u4f53\uff08Fonts\uff09\u3002","title":"\u5b57\u4f53\u548c\u4e3b\u9898\u8bbe\u7f6e"},{"location":"develop/command/Linux%E8%AE%BE%E7%BD%AE/#jdk","text":"sudo apt-get install openjdk-11-jdk openjdk-11-source sudo apt-get install openjdk-17-jdk openjdk-17-source","title":"\u5b89\u88c5 JDK"},{"location":"develop/command/Linux%E8%AE%BE%E7%BD%AE/#idea-obsidian","text":"\u7f16\u8f91 sudo vi /usr/share/applications/idea.desktop [ Desktop Entry ] Name = IntelliJ IDEA Comment = IntelliJ IDEA Exec = /home/nathan/app/idea-IC-213.6777.52/bin/idea.sh Icon = /home/nathan/app/idea-IC-213.6777.52/bin/idea.svg Terminal = false Type = Application Categories = Developer ; \u7f16\u8f91 sudo vi /usr/share/applications/obsidian.desktop [ Desktop Entry ] Name = Obsidian Comment = Obsidian Exec = /home/nathan/app/obsidian/Obsidian-0.14.2.AppImage Icon = /home/nathan/app/obsidian/favicon.ico Terminal = false Type = Application Categories = Developer ; \u82e5\u662f\u9700\u8981\u5f00\u673a\u81ea\u52a8\u542f\u52a8\u7a0b\u5e8f\uff0c\u5219\u9700\u628a.desktop\u6587\u4ef6\u653e\u7f6e\u5728~/.config/autostart/","title":"\u521b\u5efa IDEA \u548c Obsidian \u5e94\u7528\u56fe\u6807"},{"location":"develop/command/Linux%E8%AE%BE%E7%BD%AE/#jetbrain-fcitx","text":"https://github.com/RikudouPatrickstar/JetBrainsRuntime-for-Linux-x64 \u4e0b\u8f7d JDk \u5e76\u89e3\u538b\u7f29\uff0c\u4fee\u6539 idea.sh \u5728\u524d\u9762\u52a0\u4e0a\u4e0b\u8f7d\u7684 JDK \u6240\u5728\u76ee\u5f55\uff1a # fix sogou issue export IDEA_JDK = /home/nathan/app/jdk/jbr \u5982\u679c\u662f android studio \u90a3\u5c31\u662f export STUDIO_JDK = /home/nathan/app/jdk/jbr","title":"JetBrain \u8f6f\u4ef6\u4e0b fcitx \u8f93\u5165\u6cd5\u5019\u9009\u6846\u4e0d\u8ddf\u968f\u9f20\u6807\u4fee\u590d\u8bbe\u7f6e"},{"location":"develop/command/Linux%E8%AE%BE%E7%BD%AE/#virtualbox","text":"\u4e0b\u8f7d deb \u6587\u4ef6\u5b89\u88c5 sudo dpkg -i virtualbox-6.1_6.1.32-149290_Ubuntu_eoan_amd64.deb \u7136\u540e\u53ef\u80fd\u4f1a\u770b\u5230\u7f3a\u5c11\u4f9d\u8d56\uff0cvirtualbox \u4e5f\u6253\u4e0d\u5f00 # \u81ea\u52a8\u5b89\u88c5\u7f3a\u5c11\u7684\u4f9d\u8d56 sudo apt-get -f -y install # \u91cd\u65b0\u518d\u88c5\u4e00\u6b21 sudo dpkg -i virtualbox-6.1_6.1.32-149290_Ubuntu_eoan_amd64.deb sudo apt-get -f install,\u662f\u4fee\u590d\u4f9d\u8d56\u5173\u7cfb(depends)\u7684\u547d\u4ee4,\u5c31\u662f\u5047\u5982\u4f60\u7684\u7cfb\u7edf\u4e0a\u6709\u67d0\u4e2apackage\u4e0d\u6ee1\u8db3\u4f9d\u8d56\u6761\u4ef6,\u8fd9\u4e2a\u547d\u4ee4\u5c31\u4f1a\u81ea\u52a8\u4fee\u590d,\u5b89\u88c5\u90a3\u4e2apackage\u4f9d\u8d56\u7684package\u3002 \u65b0\u5efa\u865a\u62df\u673a\u7684\u65f6\u5019\u78b0\u5230\u5185\u6838\u9519\u8bef Kernel driver not installed (rc=-1908) \uff0c\u6839\u636e\u62a5\u9519\u63d0\u793a\uff0c\u6267\u884c nathan@nathan-tp:~/Downloads$ sudo /sbin/vboxconfig [ sudo ] password for nathan: vboxdrv.sh: Stopping VirtualBox services. vboxdrv.sh: Starting VirtualBox services. vboxdrv.sh: Building VirtualBox kernel modules. This system is currently not set up to build kernel modules. Please install the gcc make perl packages from your distribution. This system is currently not set up to build kernel modules. Please install the gcc make perl packages from your distribution. There were problems setting up VirtualBox. To re-start the set-up process, run /sbin/vboxconfig as root. If your system is using EFI Secure Boot you may need to sign the kernel modules ( vboxdrv, vboxnetflt, vboxnetadp, vboxpci ) before you can load them. Please see your Linux system ' s documentation for more information. gcc make perl \u6ca1\u88c5\uff0c\u88c5\u4e0a sudo apt-get install gcc make perl \u518d\u6267\u884c\u53ef\u4ee5\u4e86 nathan@nathan-tp:~/Downloads$ sudo /sbin/vboxconfig vboxdrv.sh: Stopping VirtualBox services. vboxdrv.sh: Starting VirtualBox services. vboxdrv.sh: Building VirtualBox kernel modules.","title":"\u5b89\u88c5 VirtualBox"},{"location":"develop/command/Linux%E8%AE%BE%E7%BD%AE/#_3","text":"Deviced-insert Guest Additions CD image \u589e\u5f3a\u5de5\u5177\u70b9\u4e86\u6ca1\u53cd\u5e94\uff0c\u76f4\u63a5\u5230 http://download.virtualbox.org/virtualbox/ \u4e0b\u8f7d\u5bf9\u5e94\u7248\u672c\u7684 addition\uff0c\u5982 VBoxGuestAdditions_6.1.2.iso\uff0c\u6253\u5f00\u9009\u62e9\u5bf9\u5e94\u7cfb\u7edf\u7248\u672c\u5b89\u88c5\u3002 \u5b8c\u6bd5\u91cd\u542f\u540e\u53d1\u73b0\u5206\u8fa8\u7387\u53d8\u9ad8\u4e86\uff0c\u4e0d\u518d\u662f 600*800 \u4e86\u3002 \u5168\u5c4f\u4e0e\u975e\u5168\u5c4f\u5207\u6362\uff1aCtrl+F, \u9700\u8981\u6ce8\u610f\u662f\u53f3\u624b\u8fb9\u7684Ctrl\u952e\u3002 \u53e6\u5916\uff0c\u8fd8\u6709\u5176\u4ed6\u51e0\u4e2a\u53ef\u4ee5\u8bb0\u4f4f\uff1a \u5207\u6362\u5230\u5168\u5c4f\u6a21\u5f0f\uff1aCtrl + F \u5207\u6362\u5230\u65e0\u7f1d\u6a21\u5f0f\uff1aCtrl + L \u5207\u6362\u5230\u6bd4\u4f8b\u6a21\u5f0f\uff1aCtrl + C \u663e\u793a\u63a7\u5236\u83dc\u5355 \uff1aCtrl + Home \u8bb0\u4f4f\uff0c\u4e00\u5b9a\u662f\u53f3\u8fb9\u7684 Ctrl \u952e\uff0c\u8fd9\u4e2a\u952e\u4e5f\u662f\u5207\u6362\u56de\u672c\u673a\u7684\u529f\u80fd\u952e\uff0c\u5148\u6309\u4e00\u4e0b\u53f3 Ctrl\uff0c\u518d\u6309 Alt+Tab \u5c31\u56de\u5230\u672c\u673a\u5e94\u7528\u4e86\uff0c\u800c\u4e0d\u662f\u5728\u865a\u62df\u673a\u91cc\u5207\u6362\u5e94\u7528\u3002 \u8fd9\u6837\u64cd\u4f5c\u540e\u53ef\u80fd\u5206\u8fa8\u7387\u8fd8\u662f\u4e0d\u591f\uff0c\u53ef\u4ee5\u5c1d\u8bd5\u5427\u663e\u5b58\u8c03\u5927\u4e9b Display-Screen-Video Memory \u8bbe\u7f6e\u4e3a 64MB\uff0c\u8fd9\u4e2a\u8981\u5173\u95ed\u865a\u62df\u673a\u65f6\u5019\u624d\u80fd\u6539\u3002 \u6216\u8005\u5c1d\u8bd5\u70b9\u51fb View-Adjust Wnidow size\uff0c\u8ba9\u5206\u8fa8\u7387\u81ea\u9002\u5e94\u3002\u6216\u8005\u70b9\u51fb View-Virtual Screen1 \u9009\u62e9\u60f3\u8981\u7684\u5206\u8fa8\u3002","title":"\u589e\u5f3a\u5de5\u5177"},{"location":"develop/command/Linux%E8%AE%BE%E7%BD%AE/#_4","text":"\u624b\u52a8\u6bd4\u8f83\u9ebb\u70e6\uff0cgithub \u6709\u4eba\u5199\u4e86\u4e2a\u811a\u672c PRATAP-KUMAR \u4e0b\u8f7d\u89e3\u538b\u540e\u6267\u884c\u547d\u4ee4\u8bbe\u7f6e\uff0c\u8be6\u7ec6\u89c1 GitHub \u8bf4\u660e # \u80cc\u666f\u8bbe\u7f6e\u4e3a\u56fe\u7247 sudo ./ubuntu-gdm-set-background --image /home/user/backgrounds/image.jpg # \u80cc\u666f\u8bbe\u7f6e\u989c\u8272 sudo ./ubuntu-gdm-set-background --color \\# aAbBcC \u7f3a\u7684\u5305\u5b89\u88c5 sudo apt install libglib2.0-dev-bin","title":"\u66f4\u6539\u767b\u5f55\u7d2b\u8272\u80cc\u666f"},{"location":"develop/command/Linux%E8%AE%BE%E7%BD%AE/#dock","text":"\u5378\u8f7d\u81ea\u5e26 dock sudo apt-get autoremove --purge gnome-shell-extension-ubuntu-dock -y","title":"dock \u5de5\u5177"},{"location":"develop/command/Linux%E8%AE%BE%E7%BD%AE/#chrome","text":"Minimum \u8c03\u523014\uff0c\u6839\u636e\u9700\u8981\u8bbe\u7f6e\uff0c\u6700\u5c0f\u5b57\u4f53\u80fd\u8ba9\u6709\u4e9b\u5b57\u4f53\u592a\u5c0f\u7684\u7f51\u7ad9\u5bb9\u6613\u770b\u3002 Standard font \u5b57\u4f53\u8bbe\u7f6e\u4e3a Noto Sans Mono CJK SC\uff08\u5176\u5b9e\u5c31\u662f\u601d\u6e90\u9ed1\u4f53\uff09\uff0c\u53ef\u4ee5\u89e3\u51b3\u6709\u4e9b\u7f51\u7ad9\u4e2d\u6587\u5b57\u4f53\u5927\u5c0f\u4e0d\u4e00\u7684\u60c5\u51b5\u3002","title":"Chrome \u5b57\u4f53"},{"location":"develop/command/Linux%E8%AE%BE%E7%BD%AE/#_5","text":"\u6253\u5f00 Tweaks\uff08\u4f18\u5316\uff09\uff0c\u70b9\u51fb Extensions-Desktop icons \u8bbe\u7f6e\u6309\u94ae\uff0c\u628a\u4e0d\u8981\u7684\u684c\u9762\u56fe\u6807\u53d6\u6d88\u9009\u4e2d\u5c31\u884c\u3002","title":"\u5220\u9664\u684c\u9762\u5feb\u6377\u65b9\u5f0f"},{"location":"develop/command/Linux%E8%AE%BE%E7%BD%AE/#_6","text":"Vitals \u6216\u8005 indicator-sysmonitor","title":"\u76d1\u63a7\u63d2\u4ef6"},{"location":"develop/command/Linux%E8%AE%BE%E7%BD%AE/#_7","text":"transparent-topbar","title":"\u9876\u680f\u900f\u660e"},{"location":"develop/command/Linux%E8%AE%BE%E7%BD%AE/#_8","text":"Setting->Devices->Keyboard \u6253\u5f00\u5feb\u6377\u952e\u8bbe\u7f6e\uff0c\u62c9\u5012\u6700\u4e0b\u9762\u52a0\u53f7\u70b9\u51fb\u6dfb\u52a0\u5feb\u6377\u952e Name: open gnome screenshot Command: gnome-screenshot -i Shortcut: \u6309 Shift+Super\uff08win\uff09+S\uff0c\u5c31\u8ddf Windows \u4e0b\u7684\u622a\u56fe\u4e00\u6837\u4e86","title":"\u8bbe\u7f6e\u622a\u56fe\u5feb\u6377\u952e"},{"location":"develop/command/Linux%E8%AE%BE%E7%BD%AE/#_9","text":"\u6587\u4ef6\u4e91\u540c\u6b65\u6709 Linux \u7248\u7684\u6709 Dropbox \u6216\u8005\u575a\u679c\u4e91\uff0cDropbox \u662f\u88ab\u5899\u7684\uff0c\u7528\u5f97\u5c11\u7684\u8bdd\u575a\u679c\u4e91\u5c31\u591f\u7528\u4e86\u3002\u575a\u679c\u4e91\u5728 Ubuntu \u4e0b\u8981\u7528\u6e90\u4ee3\u7801\u7f16\u8bd1\u5b89\u88c5\uff0cdeb \u65b9\u5f0f\u5b89\u88c5\u7684\u6253\u4e0d\u5f00\u7684\uff0c\u7248\u672c\u6bd4\u8f83\u8001\u4e86\uff0c\u5730\u5740 https://www.jianguoyun.com/s/downloads/linux","title":"\u4e91\u540c\u6b65"},{"location":"develop/command/Linux%E8%AE%BE%E7%BD%AE/#_10","text":"gnome \u63d2\u4ef6 Time ++","title":"\u756a\u8304\u949f"},{"location":"develop/command/Linux%E8%AE%BE%E7%BD%AE/#title-bar","text":"unite IDEA \u548c VS Code \u7684\u8fd9\u7c7b\u5e94\u7528\u7684\u6807\u9898\u90fd\u53ef\u4ee5\u53bb\u6389\u3002","title":"\u5168\u5c40\u53bb\u9664 title bar \u63d2\u4ef6"},{"location":"develop/command/Linux%E8%AE%BE%E7%BD%AE/#_11","text":"WindowOverlay Icons \u6309 super \u952e\u53ef\u4ee5\u770b\u5230\u5df2\u6253\u5f00\u7684\u6240\u6709\u5e94\u7528\u7684\u7a97\u53e3\uff0c\u4f46\u662f\u5f88\u96be\u5206\u8fa8\u54ea\u4e2a\u7a97\u53e3\u662f\u54ea\u4e2a\u5e94\u7528\uff0c\u8fd9\u4e2a\u63d2\u4ef6\u7ed9\u7a97\u53e3\u52a0\u4e0a\u4e86 icon\uff0c\u8ba9\u5206\u8fa8\u7a97\u53e3\u5e94\u7528\u53d8\u5f97\u5bb9\u6613\u3002","title":"\u65b9\u4fbf\u67e5\u770b\u5df2\u6253\u5f00\u5e94\u7528\u7684\u63d2\u4ef6"},{"location":"develop/command/Linux%E8%AE%BE%E7%BD%AE/#swap","text":"\u5b89\u88c5\u7cfb\u7edf\u7684\u65f6\u5019\u6ca1\u6709\u8bbe\u7f6e swap \u5206\u533a\uff0c\u4f46\u662f Ubuntu \u8fd8\u662f\u4f1a\u9ed8\u8ba4\u5728\u6839\u76ee\u5f55\u4e0b\u7ed9\u7cfb\u7edf\u521b\u5efa\u4e86\u4e00\u4e2a2G\u7684 swapfile\u3002 # nathan @ nathan-tp in ~ [20:06:59] $ free -h total used free shared buff/cache available Mem: 31Gi 3 .8Gi 22Gi 605Mi 4 .5Gi 26Gi Swap: 2 .0Gi 0B 2 .0Gi # nathan @ nathan-tp in / [21:42:22] $ ll | grep swap -rw------- 1 root root 2 .0G Mar 25 02 :11 swapfile \u5185\u5b58\u591a\u7684\u5c31\u4e0d\u7528\u5f00 swap \u4e86\uff0c\u5173\u95ed\u547d\u4ee4\uff1a # disable all swaps from /proc/swaps sudo swapoff -a # or execute this commond sudo swapoff /swapfile \u6ca1\u4e86 # nathan @ nathan-tp in ~ [21:55:17] $ free -h total used free shared buff/cache available Mem: 31Gi 4 .5Gi 21Gi 780Mi 4 .8Gi 25Gi Swap: 0B 0B 0B \u4fee\u6539\u914d\u7f6e\uff1a sudo vi /etc/fstab \u6ce8\u91ca /swapfile \u8fd9\u4e00\u884c; #/swapfile none swap sw 0 0 \u6700\u540e\u628a swapfile \u5220\u4e86\uff1a sudo rm /swapfile","title":"\u7981\u7528 swap"},{"location":"develop/command/Linux%E8%AE%BE%E7%BD%AE/#_12","text":"\u8fd0\u884c\u5982\u4e0b\u547d\u4ee4\u67e5\u770b\u786c\u76d8\u5206\u533a\uff1a sudo blkid \u770b\u8f93\u51fa\u627e\u5230\u81ea\u5df1\u9700\u8981\u6302\u8f7d\u7684\u76d8\uff0c\u6bd4\u5982\u8fd9\u91cc\u8981\u6302\u8f7d\u7684\u662f c \u76d8 /dev/sdb1 \u548c d \u76d8 /dev/sda2 /dev/sdb1: LABEL=\"win-c\" UUID=\"96A8CBEBA8CBC7C7\" TYPE=\"ntfs\" PARTUUID=\"995606b6-6b82-7ed4-84e7-007d680f31d3\" /dev/sdb2: UUID=\"0C38-06FF\" TYPE=\"vfat\" PARTUUID=\"dc885421-8944-2273-207d-3685601c7169\" /dev/sda1: PARTLABEL=\"Microsoft reserved partition\" PARTUUID=\"140f0f24-f5ff-4ea3-b95e-cd12128e0d58\" /dev/sda2: LABEL=\"win-d\" UUID=\"04BECAB2BECA9C14\" TYPE=\"ntfs\" PARTLABEL=\"Basic data partition\" PARTUUID=\"9a67d1d2-7618-4173-a9d8-d05bf45e924f\" \u4fee\u6539\u914d\u7f6e\u6587\u4ef6 sudo vi /etc/fstab \u6700\u540e\u52a0\u4e0a # Windows disks /dev/sdb1 /media/nathan/win-c /dev/sda2 /media/nathan/win-d \u91cd\u542f\u7cfb\u7edf\u5b8c\u4e8b","title":"\u81ea\u52a8\u6302\u8f7d\u78c1\u76d8"},{"location":"develop/command/Linux%E8%AE%BE%E7%BD%AE/#nvidia","text":"nouveau\u662fUbuntu\u7684\u9ed8\u8ba4\u663e\u5361\u9a71\u52a8\uff0c\u4e2a\u4eba\u7535\u8111\u7684\u663e\u5361\u662fNVIDIA\uff0c\u4e4b\u524d\u7ecf\u5e38\u4f11\u7720\u540e\u5524\u9192\u51fa\u73b0\u9519\u8bef: nouveau 0000:02:00:0: bus: MMIO read of 00000000 FAULT at 6013d4 [PRIVRING] \u6240\u4ee5\u60f3\u6362\u6210NVIDIA\u9a71\u52a8\u3002\u76f4\u63a5\u5230Software&Updates\u7684Additional Driver\u4e2d\u9009\u62e9\u60f3\u8981\u5b89\u88c5\u7684\u9a71\u52a8\u5c31\u884c\u3002","title":"Nvidia \u9a71\u52a8\u95ee\u9898"},{"location":"develop/command/Linux%E8%AE%BE%E7%BD%AE/#_13","text":"\u5df2\u7ecf\u5b89\u88c5Tweaks\u6253\u5f00\uff0c\u5230Keyboard&Mouse\uff0cCompose key\u5f00\u5173\u6253\u5f00\uff0c\u9009\u62e9menu\uff0c\u7136\u540eAdditional Layout Options - Caps Lock behavior\uff0c\u9009\u62e9Make Caps Lock an additional Menu key\u3002 \u7136\u540e\u53f3\u952e\u8f93\u5165\u6cd5\u56fe\u6807\uff0c\u6253\u5f00\u914d\u7f6e\uff0cGlobal Config\uff0cTrigger Input Method\uff0c\u6dfb\u52a0\u4e0aMenu\u952e\u4f4d\uff0c\u539f\u6765\u7684Ctrl+Space\u7559\u7740\u5427\u4e0d\u7528\u52a8\u3002 \u6700\u540e\u518d\u8bbe\u7f6e\u641c\u72d7\u8f93\u5165\u6cd5\uff0c\u9ad8\u7ea7-\u4e2d\u82f1\u6587\u5207\u6362\u9009\u62e9\u65e0\u3002\u8f93\u5165\u6cd5\u53ea\u7559\u641c\u72d7\u548c\u7cfb\u7edf\u7684\u82f1\u6587\uff0c\u73b0\u5728\u5199\u4ee3\u7801\u7684\u65f6\u5019\u5c31\u4e0d\u4f1a\u56e0\u4e3a\u65e0\u610f\u6309\u5230Shift\u952e\u5c31\u4e2d\u82f1\u6587\u4e71\u5207\u6362\uff0c\u60f3\u5207\u6362\u5355\u72ec\u7528Caps Lock\u952e\u3002","title":"\u952e\u4f4d\u4fee\u6539"},{"location":"develop/command/Tmux%E7%BB%88%E7%AB%AF%E7%AE%A1%E7%90%86%E5%B7%A5%E5%85%B7/","text":"Tmux\u7ec8\u7aef\u7ba1\u7406\u5de5\u5177 \u5b89\u88c5 sudo apt install tmux -y \u8bbe\u7f6e\u9f20\u6807\u652f\u6301\uff0c\u53ef\u4e0a\u4e0b\u6eda\u52a8\u67e5\u770b\uff0c\u6309 shift \u9f20\u6807\u9009\u4e2d\u590d\u5236\u590d\u5236\u5185\u5bb9\uff0c\u70b9\u51fb\u9009\u4e2d\u5176\u4ed6 tmux \u7a97\u53e3 tmux set mouse on \u57fa\u672c\u64cd\u4f5c session \u7ba1\u7406 # \u521b\u5efa\u4e00\u4e2a\u6307\u5b9a\u540d\u79f0\u7684 session tmux new -s test tmux new -s dev # \u5217\u51fa\u6240\u6709 tmux session tmux ls \u5173\u95ed session # \u5173\u95ed test \u4f1a\u8bdd exit # \u6216\u8005 tmux kill-session -t test # \u6216\u8005\u6309 Ctrl+D \u9000\u51fa\u5f53\u524d tmux # \u5173\u95ed\u670d\u52a1\u5668\uff0c\u6240\u6709\u7684\u4f1a\u8bdd\u90fd\u5c06\u5173\u95ed tmux kill-server \u4f1a\u8bdd\u5207\u6362 # \u8fdb\u5165\u6307\u5b9a tmux session tmux attach -t dev # \u5207\u6362 tmux session tmux swtich -t test \u91cd\u547d\u540d dev \u4f1a\u8bdd\u540d\u79f0\u4e3a nemdev tmux rename-session -t dev newdev \u5206\u79bb\u4f1a\u8bdd PREFIX d prefix \u952e\u662f tmux \u7684\u524d\u7f00\u5feb\u6377\u952e\uff0c\u9ed8\u8ba4\u662f ctrl+b\uff0c\u53ef\u5728 ~/.tmux.conf \u4e2d\u4fee\u6539\uff0c\u6bd4\u5982 set -g prefix C-a \u5c06 prefix \u952e\u4fee\u6539\u6210 ctrl+a\u3002 \u7a97\u53e3\u7ba1\u7406 \u62c6\u5206\u7a97\u53e3\uff0c\u5df2\u7ecf\u5f00\u542f\u9f20\u6807\u652f\u6301\u7684\u53ef\u4ee5\u62d6\u52a8\u7a97\u53e3\u5927\u5c0f # \u62c6\u5206\u4e3a\u4e0a\u4e0b\u4e24\u4e2a\u7a97\u53e3 tmux split-window # \u62c6\u5206\u4e3a\u5de6\u53f3\u4e24\u4e2a\u7a97\u53e3 tmux split-window -h \u521b\u5efa\u5e76\u547d\u540d\u7a97\u53e3 # \u521b\u5efa\u7a97\u53e3 prefix c # \u91cd\u547d\u540d\u7a97\u53e3\uff08\u524d\u7f00+\u9017\u53f7\u952e\uff09 prefix , \u5728\u7a97\u53e3\u4e4b\u95f4\u5207\u6362 # \u5207\u6362\u5230\u4e0b\u4e00\u4e2a\u7a97\u53e3\uff08n=next\uff09 prefix n # \u5207\u6362\u5230\u4e0a\u4e00\u4e2a\u7a97\u53e3\uff08p=previous\uff09 prefix p # \u5207\u6362\u5230\u67d0\u4e2a\u7f16\u53f7\u7684\u7a97\u53e3 prefix <num> # \u5982\u679c\u7a97\u53e3\u6570\u91cf\u8d85\u8fc7 9 \u4e2a\uff0c\u901a\u8fc7\u7a97\u53e3\u540d\u79f0\u67e5\u627e\uff08f=find\uff09 prefix f # \u5982\u679c\u7a97\u53e3\u6570\u91cf\u8d85\u8fc7 9 \u4e2a\uff0c\u901a\u8fc7\u7a97\u53e3\u5217\u8868\u67e5\u627e\uff08w=window\uff09 prefix w # \u5173\u95ed\u4e00\u4e2a\u7a97\u53e3 exit \u6216\u8005 prefix & \u9762\u677f\u7ba1\u7406 \u5207\u5272\u9762\u677f # \u5782\u76f4\u5207\u5272 prefix % # \u6c34\u5e73\u5207\u5272 prefix \" # \u9762\u677f\u95f4\u6765\u56de\u5207\u6362 prefix o # \u6700\u5927\u5316\u6216\u8005\u6062\u590d\u9762\u677f prefix z \u9762\u677f\u5e03\u5c40 # \u5207\u6362\u9762\u677f\u5e03\u5c40 prefix <space> \u5176\u4ed6\u7684\u53c2\u8003\u89c1 https://reishin.me/tmux/","title":"Tmux \u7ec8\u7aef\u7ba1\u7406\u5de5\u5177"},{"location":"develop/command/Tmux%E7%BB%88%E7%AB%AF%E7%AE%A1%E7%90%86%E5%B7%A5%E5%85%B7/#tmux","text":"","title":"Tmux\u7ec8\u7aef\u7ba1\u7406\u5de5\u5177"},{"location":"develop/command/Tmux%E7%BB%88%E7%AB%AF%E7%AE%A1%E7%90%86%E5%B7%A5%E5%85%B7/#_1","text":"sudo apt install tmux -y \u8bbe\u7f6e\u9f20\u6807\u652f\u6301\uff0c\u53ef\u4e0a\u4e0b\u6eda\u52a8\u67e5\u770b\uff0c\u6309 shift \u9f20\u6807\u9009\u4e2d\u590d\u5236\u590d\u5236\u5185\u5bb9\uff0c\u70b9\u51fb\u9009\u4e2d\u5176\u4ed6 tmux \u7a97\u53e3 tmux set mouse on","title":"\u5b89\u88c5"},{"location":"develop/command/Tmux%E7%BB%88%E7%AB%AF%E7%AE%A1%E7%90%86%E5%B7%A5%E5%85%B7/#_2","text":"","title":"\u57fa\u672c\u64cd\u4f5c"},{"location":"develop/command/Tmux%E7%BB%88%E7%AB%AF%E7%AE%A1%E7%90%86%E5%B7%A5%E5%85%B7/#session","text":"# \u521b\u5efa\u4e00\u4e2a\u6307\u5b9a\u540d\u79f0\u7684 session tmux new -s test tmux new -s dev # \u5217\u51fa\u6240\u6709 tmux session tmux ls \u5173\u95ed session # \u5173\u95ed test \u4f1a\u8bdd exit # \u6216\u8005 tmux kill-session -t test # \u6216\u8005\u6309 Ctrl+D \u9000\u51fa\u5f53\u524d tmux # \u5173\u95ed\u670d\u52a1\u5668\uff0c\u6240\u6709\u7684\u4f1a\u8bdd\u90fd\u5c06\u5173\u95ed tmux kill-server \u4f1a\u8bdd\u5207\u6362 # \u8fdb\u5165\u6307\u5b9a tmux session tmux attach -t dev # \u5207\u6362 tmux session tmux swtich -t test \u91cd\u547d\u540d dev \u4f1a\u8bdd\u540d\u79f0\u4e3a nemdev tmux rename-session -t dev newdev \u5206\u79bb\u4f1a\u8bdd PREFIX d prefix \u952e\u662f tmux \u7684\u524d\u7f00\u5feb\u6377\u952e\uff0c\u9ed8\u8ba4\u662f ctrl+b\uff0c\u53ef\u5728 ~/.tmux.conf \u4e2d\u4fee\u6539\uff0c\u6bd4\u5982 set -g prefix C-a \u5c06 prefix \u952e\u4fee\u6539\u6210 ctrl+a\u3002","title":"session \u7ba1\u7406"},{"location":"develop/command/Tmux%E7%BB%88%E7%AB%AF%E7%AE%A1%E7%90%86%E5%B7%A5%E5%85%B7/#_3","text":"\u62c6\u5206\u7a97\u53e3\uff0c\u5df2\u7ecf\u5f00\u542f\u9f20\u6807\u652f\u6301\u7684\u53ef\u4ee5\u62d6\u52a8\u7a97\u53e3\u5927\u5c0f # \u62c6\u5206\u4e3a\u4e0a\u4e0b\u4e24\u4e2a\u7a97\u53e3 tmux split-window # \u62c6\u5206\u4e3a\u5de6\u53f3\u4e24\u4e2a\u7a97\u53e3 tmux split-window -h \u521b\u5efa\u5e76\u547d\u540d\u7a97\u53e3 # \u521b\u5efa\u7a97\u53e3 prefix c # \u91cd\u547d\u540d\u7a97\u53e3\uff08\u524d\u7f00+\u9017\u53f7\u952e\uff09 prefix , \u5728\u7a97\u53e3\u4e4b\u95f4\u5207\u6362 # \u5207\u6362\u5230\u4e0b\u4e00\u4e2a\u7a97\u53e3\uff08n=next\uff09 prefix n # \u5207\u6362\u5230\u4e0a\u4e00\u4e2a\u7a97\u53e3\uff08p=previous\uff09 prefix p # \u5207\u6362\u5230\u67d0\u4e2a\u7f16\u53f7\u7684\u7a97\u53e3 prefix <num> # \u5982\u679c\u7a97\u53e3\u6570\u91cf\u8d85\u8fc7 9 \u4e2a\uff0c\u901a\u8fc7\u7a97\u53e3\u540d\u79f0\u67e5\u627e\uff08f=find\uff09 prefix f # \u5982\u679c\u7a97\u53e3\u6570\u91cf\u8d85\u8fc7 9 \u4e2a\uff0c\u901a\u8fc7\u7a97\u53e3\u5217\u8868\u67e5\u627e\uff08w=window\uff09 prefix w # \u5173\u95ed\u4e00\u4e2a\u7a97\u53e3 exit \u6216\u8005 prefix &","title":"\u7a97\u53e3\u7ba1\u7406"},{"location":"develop/command/Tmux%E7%BB%88%E7%AB%AF%E7%AE%A1%E7%90%86%E5%B7%A5%E5%85%B7/#_4","text":"\u5207\u5272\u9762\u677f # \u5782\u76f4\u5207\u5272 prefix % # \u6c34\u5e73\u5207\u5272 prefix \" # \u9762\u677f\u95f4\u6765\u56de\u5207\u6362 prefix o # \u6700\u5927\u5316\u6216\u8005\u6062\u590d\u9762\u677f prefix z \u9762\u677f\u5e03\u5c40 # \u5207\u6362\u9762\u677f\u5e03\u5c40 prefix <space> \u5176\u4ed6\u7684\u53c2\u8003\u89c1 https://reishin.me/tmux/","title":"\u9762\u677f\u7ba1\u7406"},{"location":"develop/command/Windows%E5%88%87%E6%8D%A2%E8%BF%9C%E7%A8%8B%E6%A1%8C%E9%9D%A2/","text":"Windows\u5207\u6362\u8fdc\u7a0b\u684c\u9762 \u8fdc\u7a0b\u684c\u9762\u6309\u4e0b Ctrl+Alt+Home \u6b64\u65f6\u4f60\u7684\u5feb\u6377\u952e\u54cd\u5e94\u7aef\u662f\u672c\u5730PC\uff0c\u7136\u540e\u518d\u6309ctrl+win+\u5de6/\u53f3\u5207\u6362\u865a\u62df\u684c\u9762\u3002 \u6216\u8005\u4f7f\u7528\u5feb\u6377\u952e Ctrl+Alt+Break \u53ef\u4ee5\u5c06\u8fdc\u7a0b\u684c\u9762\u7684\u5168\u5c4f\u72b6\u6001\u5207\u6362\u56de\u6765\u3002","title":"Windows \u5207\u6362\u8fdc\u7a0b\u684c\u9762"},{"location":"develop/command/Windows%E5%88%87%E6%8D%A2%E8%BF%9C%E7%A8%8B%E6%A1%8C%E9%9D%A2/#windows","text":"\u8fdc\u7a0b\u684c\u9762\u6309\u4e0b Ctrl+Alt+Home \u6b64\u65f6\u4f60\u7684\u5feb\u6377\u952e\u54cd\u5e94\u7aef\u662f\u672c\u5730PC\uff0c\u7136\u540e\u518d\u6309ctrl+win+\u5de6/\u53f3\u5207\u6362\u865a\u62df\u684c\u9762\u3002 \u6216\u8005\u4f7f\u7528\u5feb\u6377\u952e Ctrl+Alt+Break \u53ef\u4ee5\u5c06\u8fdc\u7a0b\u684c\u9762\u7684\u5168\u5c4f\u72b6\u6001\u5207\u6362\u56de\u6765\u3002","title":"Windows\u5207\u6362\u8fdc\u7a0b\u684c\u9762"},{"location":"develop/command/Windows%E8%BF%9C%E7%A8%8B%E8%BF%9E%E6%8E%A5Linux/","text":"Widows RDP \u8fdc\u7a0b\u8fde\u63a5 Linux \u73af\u5883\u4e3a Ubuntu Server \u7248\u672c\u3002 xrdp \u5148\u5b89\u88c5 xrdp\uff0c\u987a\u5e8f\u5b89\u88c5\uff0c\u987a\u5e8f\u53cd\u8fc7\u6765\u6216\u8005\u5c11\u5b89\u88c5 tightvncserver \u7684\u8bdd\u53ef\u80fd\u4f1a\u5bfc\u81f4\u8fdc\u7a0b\u684c\u9762\u8f93\u5b8c\u5bc6\u7801\u5c31\u84dd\u5c4f\u4e86\u3002\u641c\u8d44\u6599\u7684\u65f6\u5019\u8fd8\u770b\u5230\u4e0d\u8fc7\u6211\u6ca1\u7528\uff0c\u8fd9\u79cd\u4e1c\u897f\u614e\u7528\u5427\u3002 sudo apt-get install tightvncserver sudo apt-get install xrdp \u6216\u8005\u7528\u522b\u4eba\u63d0\u4f9b\u811a\u672c\u81ea\u52a8\u5b89\u88c5 C-NERGY.BE \uff0c\u8bd5\u8fc7\u4e86\u4e5f\u53ef\u4ee5\u3002 i3wm \u5b89\u88c5 i3wm \uff0cxorg \u662f\u684c\u9762\u73af\u5883\uff0cdmenu \u662f\u7a0b\u5e8f\u542f\u52a8\u5668\u3002 sudo apt install i3 xorg dmenu i3-gaps \u662f i3wm \u7684\u5206\u652f\uff0c\u63d0\u4f9b\u66f4\u591a\u7279\u6027\uff0c\u4e0a\u9762\u53ef\u4ee5\u6362\u6210 i3-gaps \u5b89\u88c5\u3002 sudo apt install i3-gaps \u7136\u540e\u5f00\u59cb\u914d\u7f6e\u3002\u6267\u884c vi ~/.xinitrc \u521b\u5efa\u6587\u4ef6\uff0c\u5185\u5bb9\uff1a #!/bin/sh # /etc/X11/xinit/xinitrc # global xinitrc file, used by all X sessions started by xinit (startx) exec /usr/bin/i3 \u7136\u540e\u6253\u5f00\u7ec8\u7aef\u6267\u884c startx \u547d\u4ee4\u5c31\u80fd\u770b\u5230 i3wm \u4e86\u3002 \u4e0b\u9762\u662f\u914d\u7f6e\u8fdc\u7a0b\u684c\u9762\u7684\u3002 \u6267\u884c vi ~/.xsession \u521b\u5efa\u6587\u4ef6\uff0c\u5185\u5bb9\uff1a #!/bin/sh exec /usr/bin/i3 \u6216\u8005\u76f4\u63a5\u6267\u884c echo i3 >~/.xsession \u670d\u52a1\u5668\u4e0a\u7ec8\u7aef\u8f93\u5165 startx \u5c31\u53ef\u4ee5\u542f\u52a8 i3 \u684c\u9762\u4e86\uff0cWindows \u4e5f\u53ef\u4ee5\u7528 rdp \u8fde\u63a5 i3 \u684c\u9762\u3002 \u56e0\u4e3a\u7528\u7684 VirtualBox \u865a\u62df\u673a\uff0crdp \u8fde\u63a5\u540e\u6709\u4e2a\u9519\u8bef\uff0c\u672a\u89e3\u51b3\u3002 VBoxclient failed to register resizing support, rc=VERR RESOURCE_BUSY i3wm \u5176\u4ed6\u914d\u7f6e \u5e38\u7528\u8f6f\u4ef6 - feh \u56fe\u50cf\u67e5\u770b\u5668 - neofetch \u7cfb\u7edf\u4fe1\u606f\u663e\u793a\u547d\u4ee4\u884c\u811a\u672c - xfce4-terminal \u7ec8\u7aef - Conky \u7cfb\u7edf\u76d1\u89c6\u8f6f\u4ef6 - compton \u7a97\u53e3\u900f\u660e\u5316\u7684\u5de5\u5177 sudo apt-get install feh neofetch xfce4-terminal conky-all compton X11 Fowarding X11 \u56fe\u5f62\u754c\u9762\u8f6c\u53d1\u662f\u5728 Linux \u4e0b\u542f\u52a8 GUI \u7a0b\u5e8f\u66f4\u4fbf\u6377\u7684\u4e00\u79cd\u65b9\u5f0f\u3002 \u7f16\u8f91 vi /etc/ssh/sshd_config \u628a X11Forwarding yes \u6ce8\u91ca\u53bb\u6389\uff0c\u91cd\u542f sshd \u670d\u52a1\u3002 \u7136\u540e\u5728\u4f60\u7684 ssh \u5ba2\u6237\u7aef\u8f6f\u4ef6\u5f00\u542f X11 \u8f6c\u53d1\u529f\u80fd\uff0c\u5927\u90e8\u5206 ssh \u5ba2\u6237\u7aef\u90fd\u5e26\u6709\u8fd9\u4e2a\u529f\u80fd\uff0c\u6bd4\u5982 PuTTY \u548c XShell\uff0c\u6211\u73b0\u5728\u5728\u7528\u7684 WindTerm \u90fd\u884c\u3002 \u6700\u540e\u767b\u5f55 ssh\uff0c\u4ee5\u547d\u4ee4\u542f\u52a8 GUI \u7a0b\u5e8f\u5c31\u884c\u4e86\u3002 \u8f93\u5165\u6cd5 \u7528 X11 \u8f6c\u53d1\u7684\u65f6\u5019\u4f60\u4f1a\u53d1\u73b0\u539f\u672c\u5728\u684c\u9762\u73af\u5883\u4e0b\u8fd0\u884c\u6b63\u5e38\u7684\u4e2d\u6587\u8f93\u5165\u6cd5\u5207\u6362\u4e0d\u51fa\u6765\u3002\u5fc5\u987b\u5728 Linux \u7aef\u5b89\u88c5\u8f93\u5165\u6cd5\u548c dbus, \u7136\u540e\u7528 dbus-launch \u542f\u52a8\u4e00\u4e2a dbus session, \u5e76\u4e14\u8ba9 GUI \u548c\u8f93\u5165\u6cd5\u540c\u65f6\u5f97\u5230 DBUS_SESSION_BUS_ADDRESS \u7684\u73af\u5883\u53d8\u91cf,\u8fd9\u6837\u8f93\u5165\u6cd5\u624d\u80fd\u4f7f\u7528\u3002 \u5148\u5378\u6389 IBus\uff0c\u56e0\u4e3a\u4f1a\u548c fcitx \u51b2\u7a81\uff0c\u5176\u5b9e\u5728\u5b89\u88c5\u641c\u72d7\u8f93\u5165\u6cd5\u7684\u65f6\u5019\u5b98\u65b9\u6587\u6863\u5c31\u8bf4\u660e\u8981\u5378\u8f7d\u4e86\u3002 sudo apt purge ibus \u5b89\u88c5\u6240\u9700\u8981\u7684\u8f6f\u4ef6\u5305 dbus-x11\uff08\u5b9e\u73b0\u8f93\u5165\u6cd5\u4e0e GUI \u5e94\u7528\u7a0b\u5e8f\u4e4b\u95f4\u7684\u901a\u4fe1\uff0c\u5fc5\u9700\uff09\u3001im-config \uff08GUI \u8f93\u5165\u6cd5\u914d\u7f6e\uff09\u3001fcitx \uff08\u8f93\u5165\u6cd5\u6846\u67b6\uff09\u3001fcitx-sunpinyin \uff08\u667a\u80fd\u62fc\u97f3\u8f93\u5165\u6cd5\uff09 \u548c fcitx-table-wubi \uff08\u4e94\u7b14\u8f93\u5165\u6cd5\uff09\uff0c\u4e94\u7b14\u548c\u667a\u62fc\u7528\u4e0d\u7740\u5c31\u4e0d\u7528\u88c5\u4e86\u3002 sudo apt install dbus-x11 fcitx im-config fcitx-sunpinyin fcitx-table-wubi \u914d\u7f6e\u8f93\u5165\u6cd5\uff0c\u628a\u60f3\u8981\u8f93\u5165\u6cd5\u6bd4\u5982\u641c\u72d7\u6216\u4e94\u7b14\u6dfb\u52a0\u4e0a\uff0c\u5e38\u7528\u7684\u79fb\u52a8\u5230\u7b2c\u4e00\u4f4d\u7f6e\u3002 fcitx-config-gtk3 \u8bbe\u7f6e\u9ed8\u8ba4 GUI \u8f93\u5165\u6cd5\uff1a sudo im-config -n fcitx \u4fee\u6539 ~/.profile \u6587\u4ef6\uff1a export GTK_IM_MODULE = fcitx export QT_IM_MODULE = fcitx export XMODIFIERS = @im = fcitx export DefaultIMModule = fcitx fcitx-autostart & >/dev/null \u6267\u884c\u751f\u6548\uff1a source ~/.profile \u91cd\u542f\u7cfb\u7edf\uff0c\u6253\u5f00 gedit \u6216\u5176\u4ed6\u53ef\u8f93\u5165 GUI\uff0cCtrl+Space \u5e94\u8be5\u5c31\u80fd\u5207\u6362\u51fa\u4f60\u914d\u7f6e\u7684\u8f93\u5165\u6cd5\u4e86\u3002 \u4f46\u662f\u5b9e\u9645\u4f7f\u7528\u8fd8\u662f\u6709\u4e00\u4e9b\u95ee\u9898\uff0c\u6bd4\u5982\u6211\u8fd0\u884c idea\uff0c\u5207\u6362\u51fa\u641c\u72d7\uff0c\u8f93\u5165\u7684\u65f6\u5019\u8f93\u5165\u6cd5\u662f\u4e0d\u4f1a\u8ddf\u968f\u5149\u6807\u4f4d\u7f6e\u7684\uff0c\u800c\u4e14\u6253\u5b57\u8f93\u5165\u5feb\u4e86\u5c31\u5931\u6548\u53ea\u80fd\u8f93\u5165\u82f1\u6587\uff0c\u53ea\u80fd Ctrl+Space \u518d\u5207\u6362\u51e0\u4e0b\u56de\u6765\u3002\u603b\u7ed3\u5c31\u662f\u4f53\u9a8c\u592a\u7cdf\u7cd5\u4e86\uff0cX11 \u8f6c\u53d1\u7684 GUI \u80fd\u4e0d\u8981\u4e2d\u6587\u8f93\u5165\u6cd5\u5c31\u5c3d\u91cf\u4e0d\u8981\u7528\uff0c\u6ce8\u91ca\u5e72\u8106\u5168\u5199\u82f1\u6587\u5f97\u4e86\uff0c\u953b\u70bc\u953b\u70bc\u82f1\u6587\u3002 \u53c2\u8003 [1] Windows10\u8fdc\u7a0b\u684c\u9762\u65e0\u6cd5\u8fde\u63a5Ubuntu [2] i3 \u5e73\u94fa\u7a97\u53e3\u7ba1\u7406\u5668\u5165\u95e8 [3] WSL2 \u4e2d\u6587\u8f93\u5165\u6cd5\u65e0\u6548 [4] \u3010\u8c37\u6708\u8001\u5e08\u8bb2WPS\u3011\u7528 Windows 11 \u7684 WSL \u5b89\u88c5 WPS for Linux","title":"Widows RDP \u8fdc\u7a0b\u8fde\u63a5 Linux"},{"location":"develop/command/Windows%E8%BF%9C%E7%A8%8B%E8%BF%9E%E6%8E%A5Linux/#widows-rdp-linux","text":"\u73af\u5883\u4e3a Ubuntu Server \u7248\u672c\u3002","title":"Widows RDP \u8fdc\u7a0b\u8fde\u63a5 Linux"},{"location":"develop/command/Windows%E8%BF%9C%E7%A8%8B%E8%BF%9E%E6%8E%A5Linux/#xrdp","text":"\u5148\u5b89\u88c5 xrdp\uff0c\u987a\u5e8f\u5b89\u88c5\uff0c\u987a\u5e8f\u53cd\u8fc7\u6765\u6216\u8005\u5c11\u5b89\u88c5 tightvncserver \u7684\u8bdd\u53ef\u80fd\u4f1a\u5bfc\u81f4\u8fdc\u7a0b\u684c\u9762\u8f93\u5b8c\u5bc6\u7801\u5c31\u84dd\u5c4f\u4e86\u3002\u641c\u8d44\u6599\u7684\u65f6\u5019\u8fd8\u770b\u5230\u4e0d\u8fc7\u6211\u6ca1\u7528\uff0c\u8fd9\u79cd\u4e1c\u897f\u614e\u7528\u5427\u3002 sudo apt-get install tightvncserver sudo apt-get install xrdp \u6216\u8005\u7528\u522b\u4eba\u63d0\u4f9b\u811a\u672c\u81ea\u52a8\u5b89\u88c5 C-NERGY.BE \uff0c\u8bd5\u8fc7\u4e86\u4e5f\u53ef\u4ee5\u3002","title":"xrdp"},{"location":"develop/command/Windows%E8%BF%9C%E7%A8%8B%E8%BF%9E%E6%8E%A5Linux/#i3wm","text":"\u5b89\u88c5 i3wm \uff0cxorg \u662f\u684c\u9762\u73af\u5883\uff0cdmenu \u662f\u7a0b\u5e8f\u542f\u52a8\u5668\u3002 sudo apt install i3 xorg dmenu i3-gaps \u662f i3wm \u7684\u5206\u652f\uff0c\u63d0\u4f9b\u66f4\u591a\u7279\u6027\uff0c\u4e0a\u9762\u53ef\u4ee5\u6362\u6210 i3-gaps \u5b89\u88c5\u3002 sudo apt install i3-gaps \u7136\u540e\u5f00\u59cb\u914d\u7f6e\u3002\u6267\u884c vi ~/.xinitrc \u521b\u5efa\u6587\u4ef6\uff0c\u5185\u5bb9\uff1a #!/bin/sh # /etc/X11/xinit/xinitrc # global xinitrc file, used by all X sessions started by xinit (startx) exec /usr/bin/i3 \u7136\u540e\u6253\u5f00\u7ec8\u7aef\u6267\u884c startx \u547d\u4ee4\u5c31\u80fd\u770b\u5230 i3wm \u4e86\u3002 \u4e0b\u9762\u662f\u914d\u7f6e\u8fdc\u7a0b\u684c\u9762\u7684\u3002 \u6267\u884c vi ~/.xsession \u521b\u5efa\u6587\u4ef6\uff0c\u5185\u5bb9\uff1a #!/bin/sh exec /usr/bin/i3 \u6216\u8005\u76f4\u63a5\u6267\u884c echo i3 >~/.xsession \u670d\u52a1\u5668\u4e0a\u7ec8\u7aef\u8f93\u5165 startx \u5c31\u53ef\u4ee5\u542f\u52a8 i3 \u684c\u9762\u4e86\uff0cWindows \u4e5f\u53ef\u4ee5\u7528 rdp \u8fde\u63a5 i3 \u684c\u9762\u3002 \u56e0\u4e3a\u7528\u7684 VirtualBox \u865a\u62df\u673a\uff0crdp \u8fde\u63a5\u540e\u6709\u4e2a\u9519\u8bef\uff0c\u672a\u89e3\u51b3\u3002 VBoxclient failed to register resizing support, rc=VERR RESOURCE_BUSY","title":"i3wm"},{"location":"develop/command/Windows%E8%BF%9C%E7%A8%8B%E8%BF%9E%E6%8E%A5Linux/#i3wm_1","text":"\u5e38\u7528\u8f6f\u4ef6 - feh \u56fe\u50cf\u67e5\u770b\u5668 - neofetch \u7cfb\u7edf\u4fe1\u606f\u663e\u793a\u547d\u4ee4\u884c\u811a\u672c - xfce4-terminal \u7ec8\u7aef - Conky \u7cfb\u7edf\u76d1\u89c6\u8f6f\u4ef6 - compton \u7a97\u53e3\u900f\u660e\u5316\u7684\u5de5\u5177 sudo apt-get install feh neofetch xfce4-terminal conky-all compton","title":"i3wm \u5176\u4ed6\u914d\u7f6e"},{"location":"develop/command/Windows%E8%BF%9C%E7%A8%8B%E8%BF%9E%E6%8E%A5Linux/#x11-fowarding","text":"X11 \u56fe\u5f62\u754c\u9762\u8f6c\u53d1\u662f\u5728 Linux \u4e0b\u542f\u52a8 GUI \u7a0b\u5e8f\u66f4\u4fbf\u6377\u7684\u4e00\u79cd\u65b9\u5f0f\u3002 \u7f16\u8f91 vi /etc/ssh/sshd_config \u628a X11Forwarding yes \u6ce8\u91ca\u53bb\u6389\uff0c\u91cd\u542f sshd \u670d\u52a1\u3002 \u7136\u540e\u5728\u4f60\u7684 ssh \u5ba2\u6237\u7aef\u8f6f\u4ef6\u5f00\u542f X11 \u8f6c\u53d1\u529f\u80fd\uff0c\u5927\u90e8\u5206 ssh \u5ba2\u6237\u7aef\u90fd\u5e26\u6709\u8fd9\u4e2a\u529f\u80fd\uff0c\u6bd4\u5982 PuTTY \u548c XShell\uff0c\u6211\u73b0\u5728\u5728\u7528\u7684 WindTerm \u90fd\u884c\u3002 \u6700\u540e\u767b\u5f55 ssh\uff0c\u4ee5\u547d\u4ee4\u542f\u52a8 GUI \u7a0b\u5e8f\u5c31\u884c\u4e86\u3002","title":"X11 Fowarding"},{"location":"develop/command/Windows%E8%BF%9C%E7%A8%8B%E8%BF%9E%E6%8E%A5Linux/#_1","text":"\u7528 X11 \u8f6c\u53d1\u7684\u65f6\u5019\u4f60\u4f1a\u53d1\u73b0\u539f\u672c\u5728\u684c\u9762\u73af\u5883\u4e0b\u8fd0\u884c\u6b63\u5e38\u7684\u4e2d\u6587\u8f93\u5165\u6cd5\u5207\u6362\u4e0d\u51fa\u6765\u3002\u5fc5\u987b\u5728 Linux \u7aef\u5b89\u88c5\u8f93\u5165\u6cd5\u548c dbus, \u7136\u540e\u7528 dbus-launch \u542f\u52a8\u4e00\u4e2a dbus session, \u5e76\u4e14\u8ba9 GUI \u548c\u8f93\u5165\u6cd5\u540c\u65f6\u5f97\u5230 DBUS_SESSION_BUS_ADDRESS \u7684\u73af\u5883\u53d8\u91cf,\u8fd9\u6837\u8f93\u5165\u6cd5\u624d\u80fd\u4f7f\u7528\u3002 \u5148\u5378\u6389 IBus\uff0c\u56e0\u4e3a\u4f1a\u548c fcitx \u51b2\u7a81\uff0c\u5176\u5b9e\u5728\u5b89\u88c5\u641c\u72d7\u8f93\u5165\u6cd5\u7684\u65f6\u5019\u5b98\u65b9\u6587\u6863\u5c31\u8bf4\u660e\u8981\u5378\u8f7d\u4e86\u3002 sudo apt purge ibus \u5b89\u88c5\u6240\u9700\u8981\u7684\u8f6f\u4ef6\u5305 dbus-x11\uff08\u5b9e\u73b0\u8f93\u5165\u6cd5\u4e0e GUI \u5e94\u7528\u7a0b\u5e8f\u4e4b\u95f4\u7684\u901a\u4fe1\uff0c\u5fc5\u9700\uff09\u3001im-config \uff08GUI \u8f93\u5165\u6cd5\u914d\u7f6e\uff09\u3001fcitx \uff08\u8f93\u5165\u6cd5\u6846\u67b6\uff09\u3001fcitx-sunpinyin \uff08\u667a\u80fd\u62fc\u97f3\u8f93\u5165\u6cd5\uff09 \u548c fcitx-table-wubi \uff08\u4e94\u7b14\u8f93\u5165\u6cd5\uff09\uff0c\u4e94\u7b14\u548c\u667a\u62fc\u7528\u4e0d\u7740\u5c31\u4e0d\u7528\u88c5\u4e86\u3002 sudo apt install dbus-x11 fcitx im-config fcitx-sunpinyin fcitx-table-wubi \u914d\u7f6e\u8f93\u5165\u6cd5\uff0c\u628a\u60f3\u8981\u8f93\u5165\u6cd5\u6bd4\u5982\u641c\u72d7\u6216\u4e94\u7b14\u6dfb\u52a0\u4e0a\uff0c\u5e38\u7528\u7684\u79fb\u52a8\u5230\u7b2c\u4e00\u4f4d\u7f6e\u3002 fcitx-config-gtk3 \u8bbe\u7f6e\u9ed8\u8ba4 GUI \u8f93\u5165\u6cd5\uff1a sudo im-config -n fcitx \u4fee\u6539 ~/.profile \u6587\u4ef6\uff1a export GTK_IM_MODULE = fcitx export QT_IM_MODULE = fcitx export XMODIFIERS = @im = fcitx export DefaultIMModule = fcitx fcitx-autostart & >/dev/null \u6267\u884c\u751f\u6548\uff1a source ~/.profile \u91cd\u542f\u7cfb\u7edf\uff0c\u6253\u5f00 gedit \u6216\u5176\u4ed6\u53ef\u8f93\u5165 GUI\uff0cCtrl+Space \u5e94\u8be5\u5c31\u80fd\u5207\u6362\u51fa\u4f60\u914d\u7f6e\u7684\u8f93\u5165\u6cd5\u4e86\u3002 \u4f46\u662f\u5b9e\u9645\u4f7f\u7528\u8fd8\u662f\u6709\u4e00\u4e9b\u95ee\u9898\uff0c\u6bd4\u5982\u6211\u8fd0\u884c idea\uff0c\u5207\u6362\u51fa\u641c\u72d7\uff0c\u8f93\u5165\u7684\u65f6\u5019\u8f93\u5165\u6cd5\u662f\u4e0d\u4f1a\u8ddf\u968f\u5149\u6807\u4f4d\u7f6e\u7684\uff0c\u800c\u4e14\u6253\u5b57\u8f93\u5165\u5feb\u4e86\u5c31\u5931\u6548\u53ea\u80fd\u8f93\u5165\u82f1\u6587\uff0c\u53ea\u80fd Ctrl+Space \u518d\u5207\u6362\u51e0\u4e0b\u56de\u6765\u3002\u603b\u7ed3\u5c31\u662f\u4f53\u9a8c\u592a\u7cdf\u7cd5\u4e86\uff0cX11 \u8f6c\u53d1\u7684 GUI \u80fd\u4e0d\u8981\u4e2d\u6587\u8f93\u5165\u6cd5\u5c31\u5c3d\u91cf\u4e0d\u8981\u7528\uff0c\u6ce8\u91ca\u5e72\u8106\u5168\u5199\u82f1\u6587\u5f97\u4e86\uff0c\u953b\u70bc\u953b\u70bc\u82f1\u6587\u3002","title":"\u8f93\u5165\u6cd5"},{"location":"develop/command/Windows%E8%BF%9C%E7%A8%8B%E8%BF%9E%E6%8E%A5Linux/#_2","text":"[1] Windows10\u8fdc\u7a0b\u684c\u9762\u65e0\u6cd5\u8fde\u63a5Ubuntu [2] i3 \u5e73\u94fa\u7a97\u53e3\u7ba1\u7406\u5668\u5165\u95e8 [3] WSL2 \u4e2d\u6587\u8f93\u5165\u6cd5\u65e0\u6548 [4] \u3010\u8c37\u6708\u8001\u5e08\u8bb2WPS\u3011\u7528 Windows 11 \u7684 WSL \u5b89\u88c5 WPS for Linux","title":"\u53c2\u8003"},{"location":"develop/command/apt%E5%91%BD%E4%BB%A4/","text":"apt \u547d\u4ee4 apt remove \u548c apt purge \u7684\u533a\u522b apt remove \u4f1a\u5220\u9664\u8f6f\u4ef6\u5305\u800c\u4fdd\u7559\u8f6f\u4ef6\u7684\u914d\u7f6e\u6587\u4ef6\u3002 apt purge \u4f1a\u540c\u65f6\u6e05\u9664\u8f6f\u4ef6\u5305\u548c\u8f6f\u4ef6\u7684\u914d\u7f6e\u6587\u4ef6\u3002","title":"apt \u547d\u4ee4"},{"location":"develop/command/apt%E5%91%BD%E4%BB%A4/#apt","text":"","title":"apt \u547d\u4ee4"},{"location":"develop/command/apt%E5%91%BD%E4%BB%A4/#apt-remove-apt-purge","text":"apt remove \u4f1a\u5220\u9664\u8f6f\u4ef6\u5305\u800c\u4fdd\u7559\u8f6f\u4ef6\u7684\u914d\u7f6e\u6587\u4ef6\u3002 apt purge \u4f1a\u540c\u65f6\u6e05\u9664\u8f6f\u4ef6\u5305\u548c\u8f6f\u4ef6\u7684\u914d\u7f6e\u6587\u4ef6\u3002","title":"apt remove \u548c apt purge \u7684\u533a\u522b"},{"location":"develop/command/code-server/","text":"code-server \u642d\u5efa \u5b98\u65b9\u7684\u6587\u6863 https://coder.com/docs/code-server/latest/install https://github.com/coder/code-server/releases \u770b\u4e0b\u53d1\u5e03\u7248\u672c\u3002 \u4ee5\u6211\u7684\u670d\u52a1\u5668\u662f CentOS7 \u4e3a\u4f8b\uff0c\u6587\u6863\u5b89\u88c5\u65b9\u6cd5: curl -fOL https://github.com/coder/code-server/releases/download/v$VERSION/code-server-$VERSION-amd64.rpm sudo rpm -i code-server-$VERSION-amd64.rpm sudo systemctl enable --now code-server@$USER # Now visit http://127.0.0.1:8080. Your password is in ~/.config/code-server/config.yaml \\(VERSION \u66ff\u6362\u6210 GitHub \u4e0a\u8981\u60f3\u7684\u7248\u672c\uff0c\\) USER \u66ff\u6362\u6210\u4f60\u7684\u7528\u6237\uff0c\u88c5\u5b8c\u5c31\u53ef\u4ee5\u7528 systemctl status \u770b\u4e0b\u670d\u52a1\u72b6\u6001\u3002 \u7531\u4e8e\u4e0d\u5728 Https \u4e0b markdown \u6587\u4ef6\u7684\u9884\u89c8\u6709\u95ee\u9898\uff0cGitHub \u7684 issue \u8bf4\u662f\u8981\u4e0a Https \u624d\u884c\uff0c\u90a3\u5c31\u7528 Nginx \u914d\u7f6e\u4e2a\u57df\u540d\u4e0a Https\uff0c\u8bc1\u4e66\u7528 Certbot \u641e\u5c31\u884c\u4e86\u3002 server { server_name code.zkcing.com; location ^~ / { proxy_pass http://127.0.0.1:12809/; proxy_set_header Host $host; proxy_set_header X-Real-IP $remote_addr; proxy_set_header Upgrade $http_upgrade; proxy_set_header Connection upgrade; proxy_set_header Accept-Encoding gzip; } listen 443 ssl; # managed by Certbot ssl_certificate /etc/letsencrypt/live/code.zkcing.com/fullchain.pem; # managed by Certbot ssl_certificate_key /etc/letsencrypt/live/code.zkcing.com/privkey.pem; # managed by Certbot include /etc/letsencrypt/options-ssl-nginx.conf; # managed by Certbot ssl_dhparam /etc/letsencrypt/ssl-dhparams.pem; # managed by Certbot }","title":"code-server \u90e8\u7f72"},{"location":"develop/command/code-server/#code-server","text":"\u5b98\u65b9\u7684\u6587\u6863 https://coder.com/docs/code-server/latest/install https://github.com/coder/code-server/releases \u770b\u4e0b\u53d1\u5e03\u7248\u672c\u3002 \u4ee5\u6211\u7684\u670d\u52a1\u5668\u662f CentOS7 \u4e3a\u4f8b\uff0c\u6587\u6863\u5b89\u88c5\u65b9\u6cd5: curl -fOL https://github.com/coder/code-server/releases/download/v$VERSION/code-server-$VERSION-amd64.rpm sudo rpm -i code-server-$VERSION-amd64.rpm sudo systemctl enable --now code-server@$USER # Now visit http://127.0.0.1:8080. Your password is in ~/.config/code-server/config.yaml \\(VERSION \u66ff\u6362\u6210 GitHub \u4e0a\u8981\u60f3\u7684\u7248\u672c\uff0c\\) USER \u66ff\u6362\u6210\u4f60\u7684\u7528\u6237\uff0c\u88c5\u5b8c\u5c31\u53ef\u4ee5\u7528 systemctl status \u770b\u4e0b\u670d\u52a1\u72b6\u6001\u3002 \u7531\u4e8e\u4e0d\u5728 Https \u4e0b markdown \u6587\u4ef6\u7684\u9884\u89c8\u6709\u95ee\u9898\uff0cGitHub \u7684 issue \u8bf4\u662f\u8981\u4e0a Https \u624d\u884c\uff0c\u90a3\u5c31\u7528 Nginx \u914d\u7f6e\u4e2a\u57df\u540d\u4e0a Https\uff0c\u8bc1\u4e66\u7528 Certbot \u641e\u5c31\u884c\u4e86\u3002 server { server_name code.zkcing.com; location ^~ / { proxy_pass http://127.0.0.1:12809/; proxy_set_header Host $host; proxy_set_header X-Real-IP $remote_addr; proxy_set_header Upgrade $http_upgrade; proxy_set_header Connection upgrade; proxy_set_header Accept-Encoding gzip; } listen 443 ssl; # managed by Certbot ssl_certificate /etc/letsencrypt/live/code.zkcing.com/fullchain.pem; # managed by Certbot ssl_certificate_key /etc/letsencrypt/live/code.zkcing.com/privkey.pem; # managed by Certbot include /etc/letsencrypt/options-ssl-nginx.conf; # managed by Certbot ssl_dhparam /etc/letsencrypt/ssl-dhparams.pem; # managed by Certbot }","title":"code-server \u642d\u5efa"},{"location":"develop/command/i3wm/","text":"\u5e73\u94fa\u5f0f\u684c\u9762\u7ba1\u7406\u5668 i3wm i3wm \u914d\u7f6e\u6bd4\u8f83\u590d\u6742\uff0c\u53ef\u4ee5\u7528\u73b0\u6210\u8c03\u6559\u597d\u7684\u684c\u9762\uff0c\u6bd4\u5982 Regolith \u5b89\u88c5 Ubuntu \u4e0b\u7684\u5b89\u88c5 https://regolith-linux.org/docs/getting-started/install/ \u5176\u4ed6\u914d\u7f6e status bar \u52a0\u5185\u5b58\u5269\u4f59\u663e\u793a\u3002 # install sudo apt install i3xrocks-memory # refresh regolith-look refresh ~~\u5b89\u88c5 i3lock \u9501\u5c4f\u3002~~ sudo apt install i3lock \u76f4\u63a5 i3lcok \u5c31\u53ef\u4ee5\u9501\u5c4f\uff0c i3lock -i (YOUR_PNG) \u8bbe\u7f6e\u9501\u5c4f\u58c1\u7eb8\u3002 \u8bbe\u7f6e\u5feb\u6377\u952e\u9501\u5c4f\uff0c\u52a0\u4e0a\u914d\u7f6e\uff1a bindsym $mod +Tab exec i3lock # Win+Tab \u9501\u5c4f \u4fee\u6539\u914d\u7f6e \u8981\u4fee\u6539\u9ed8\u8ba4\u7684\u4e00\u4e9b\u914d\u7f6e\u6587\u4ef6\uff0c\u53ef\u4ee5\u628a\u914d\u7f6e\u6587\u4ef6\u590d\u5236\u5230\u5f53\u524d\u7528\u6237\u76ee\u5f55\u4e0b\u518d\u4fee\u6539\u3002 \u6bd4\u5982 i3 config: /etc/regolith/i3/config \u5230 ~/.config/regolith/i3/config \u8fd8\u6709 i3 bar status indicator: /usr/share/i3xrocks \u5230 ~/.config/regolith/i3xrocks \u5176\u4ed6\u7ec4\u4ef6\u4e5f\u90fd\u4e00\u6837\uff0c\u6216\u8005\u53ef\u4ee5\u5e72\u8106\u628a\u6574\u4e2a /etc/regolith \u6587\u4ef6\u5939\u62f7\u8d1d\u5230 ~/.config/regolith \u66f4\u76f4\u63a5\u3002 \u4fee\u6539\u6837\u5f0f\u7684\u4e00\u822c\u7528 regolith-look refresh \u5c31\u80fd\u770b\u5230\u6548\u679c\u4e86\u3002 \u5feb\u6377\u952e regolith \u5feb\u6377\u952e https://regolith-linux.org/docs/reference/keybindings/ \u8fde\u9501\u5c4f\u4f11\u7720\u5565\u90fd\u6709\u4e86\uff0c\u4e0a\u9762\u7684 i3lock \u6839\u672c\u4e0d\u7528\u5b89\u88c5\u4e86\u3002 \u94fe\u63a5\u6253\u5f00\u592a\u6162\u4e86\uff0c\u4e0b\u9762\u662f\u590d\u5236\u8fc7\u6765\u7684\uff0c\u65b9\u4fbf\u770b\u3002 All default key mappings provided in Regolith Action Key Binding Launch - Application \u229e Win Space Launch - Browser \u229e Win Shift Enter Launch - Command \u229e Win Shift Space Launch - File Browser \u229e Win Shift n Launch - File Search \u229e Win Alt Space Launch - Notification Viewer \u229e Win n Launch - Terminal \u229e Win Enter Launch - This Dialog \u229e Win Shift ? Modify - Bluetooth Settings \u229e Win b Modify - Carry Window to Workspace 1 - 10 \u229e Win Alt 0..9 Modify - Carry Window to Workspace 11 - 19 \u229e Win Alt Ctrl 1..9 Modify - Containing Workspace \u229e Win Ctrl Shift \u2191 \u2193 \u2190 \u2192 Modify - Display Settings \u229e Win d Modify - Load Window Layout \u229e Win . Modify - Move Window to Workspace 1 - 10 \u229e Win Shift 0..9 Modify - Move Window to Workspace 11 - 19 \u229e Win Ctrl Shift 1..9 Modify - Move to Scratchpad \u229e Win Ctrl m Modify - Next Window Orientation \u229e Win Backspace Modify - Save Window Layout \u229e Win , Modify - Settings \u229e Win c Modify - Tile/Float Focus Toggle \u229e Win Shift t Modify - Toggle Bar \u229e Win i Modify - Wifi Settings \u229e Win w Modify - Window Floating Toggle \u229e Win Shift f Modify - Window Fullscreen Toggle \u229e Win f Modify - Window Layout Mode \u229e Win t Modify - Window Position \u229e Win Shift k j h l Modify - Window Position \u229e Win Shift \u2191 \u2193 \u2190 \u2192 Navigate - Next Workspace \u229e Win Tab Navigate - Next Workspace \u229e Win Alt \u2192 Navigate - Previous Workspace \u229e Win Alt \u2190 Navigate - Previous Workspace \u229e Win Shift Tab Navigate - Relative Window \u229e Win k j h l Navigate - Relative Window \u229e Win \u2191 \u2193 \u2190 \u2192 Navigate - Scratchpad \u229e Win Ctrl a Navigate - Window by Name \u229e Win Ctrl Space Navigate - Workspace 11 - 19 \u229e Win Ctrl 1..9 Navigate - Workspaces 1-10 \u229e Win 0..9 Resize - Enter Resize Mode \u229e Win r Session - Exit App \u229e Win Shift q Session - Lock Screen \u229e Win Escape Session - Logout \u229e Win Shift e Session - Power Down \u229e Win Shift p Session - Reboot \u229e Win Shift b Session - Refresh Session \u229e Win Shift r Session - Reload i3 Config \u229e Win Shift c Session - Restart i3 \u229e Win Ctrl r Session - Sleep \u229e Win Shift s Session - Terminate App \u229e Win Alt q","title":"\u5e73\u94fa\u5f0f\u684c\u9762\u7ba1\u7406\u5668 i3wm"},{"location":"develop/command/i3wm/#i3wm","text":"i3wm \u914d\u7f6e\u6bd4\u8f83\u590d\u6742\uff0c\u53ef\u4ee5\u7528\u73b0\u6210\u8c03\u6559\u597d\u7684\u684c\u9762\uff0c\u6bd4\u5982 Regolith","title":"\u5e73\u94fa\u5f0f\u684c\u9762\u7ba1\u7406\u5668 i3wm"},{"location":"develop/command/i3wm/#_1","text":"Ubuntu \u4e0b\u7684\u5b89\u88c5 https://regolith-linux.org/docs/getting-started/install/","title":"\u5b89\u88c5"},{"location":"develop/command/i3wm/#_2","text":"status bar \u52a0\u5185\u5b58\u5269\u4f59\u663e\u793a\u3002 # install sudo apt install i3xrocks-memory # refresh regolith-look refresh ~~\u5b89\u88c5 i3lock \u9501\u5c4f\u3002~~ sudo apt install i3lock \u76f4\u63a5 i3lcok \u5c31\u53ef\u4ee5\u9501\u5c4f\uff0c i3lock -i (YOUR_PNG) \u8bbe\u7f6e\u9501\u5c4f\u58c1\u7eb8\u3002 \u8bbe\u7f6e\u5feb\u6377\u952e\u9501\u5c4f\uff0c\u52a0\u4e0a\u914d\u7f6e\uff1a bindsym $mod +Tab exec i3lock # Win+Tab \u9501\u5c4f","title":"\u5176\u4ed6\u914d\u7f6e"},{"location":"develop/command/i3wm/#_3","text":"\u8981\u4fee\u6539\u9ed8\u8ba4\u7684\u4e00\u4e9b\u914d\u7f6e\u6587\u4ef6\uff0c\u53ef\u4ee5\u628a\u914d\u7f6e\u6587\u4ef6\u590d\u5236\u5230\u5f53\u524d\u7528\u6237\u76ee\u5f55\u4e0b\u518d\u4fee\u6539\u3002 \u6bd4\u5982 i3 config: /etc/regolith/i3/config \u5230 ~/.config/regolith/i3/config \u8fd8\u6709 i3 bar status indicator: /usr/share/i3xrocks \u5230 ~/.config/regolith/i3xrocks \u5176\u4ed6\u7ec4\u4ef6\u4e5f\u90fd\u4e00\u6837\uff0c\u6216\u8005\u53ef\u4ee5\u5e72\u8106\u628a\u6574\u4e2a /etc/regolith \u6587\u4ef6\u5939\u62f7\u8d1d\u5230 ~/.config/regolith \u66f4\u76f4\u63a5\u3002 \u4fee\u6539\u6837\u5f0f\u7684\u4e00\u822c\u7528 regolith-look refresh \u5c31\u80fd\u770b\u5230\u6548\u679c\u4e86\u3002","title":"\u4fee\u6539\u914d\u7f6e"},{"location":"develop/command/i3wm/#_4","text":"regolith \u5feb\u6377\u952e https://regolith-linux.org/docs/reference/keybindings/ \u8fde\u9501\u5c4f\u4f11\u7720\u5565\u90fd\u6709\u4e86\uff0c\u4e0a\u9762\u7684 i3lock \u6839\u672c\u4e0d\u7528\u5b89\u88c5\u4e86\u3002 \u94fe\u63a5\u6253\u5f00\u592a\u6162\u4e86\uff0c\u4e0b\u9762\u662f\u590d\u5236\u8fc7\u6765\u7684\uff0c\u65b9\u4fbf\u770b\u3002","title":"\u5feb\u6377\u952e"},{"location":"develop/command/i3wm/#all-default-key-mappings-provided-in-regolith","text":"Action Key Binding Launch - Application \u229e Win Space Launch - Browser \u229e Win Shift Enter Launch - Command \u229e Win Shift Space Launch - File Browser \u229e Win Shift n Launch - File Search \u229e Win Alt Space Launch - Notification Viewer \u229e Win n Launch - Terminal \u229e Win Enter Launch - This Dialog \u229e Win Shift ? Modify - Bluetooth Settings \u229e Win b Modify - Carry Window to Workspace 1 - 10 \u229e Win Alt 0..9 Modify - Carry Window to Workspace 11 - 19 \u229e Win Alt Ctrl 1..9 Modify - Containing Workspace \u229e Win Ctrl Shift \u2191 \u2193 \u2190 \u2192 Modify - Display Settings \u229e Win d Modify - Load Window Layout \u229e Win . Modify - Move Window to Workspace 1 - 10 \u229e Win Shift 0..9 Modify - Move Window to Workspace 11 - 19 \u229e Win Ctrl Shift 1..9 Modify - Move to Scratchpad \u229e Win Ctrl m Modify - Next Window Orientation \u229e Win Backspace Modify - Save Window Layout \u229e Win , Modify - Settings \u229e Win c Modify - Tile/Float Focus Toggle \u229e Win Shift t Modify - Toggle Bar \u229e Win i Modify - Wifi Settings \u229e Win w Modify - Window Floating Toggle \u229e Win Shift f Modify - Window Fullscreen Toggle \u229e Win f Modify - Window Layout Mode \u229e Win t Modify - Window Position \u229e Win Shift k j h l Modify - Window Position \u229e Win Shift \u2191 \u2193 \u2190 \u2192 Navigate - Next Workspace \u229e Win Tab Navigate - Next Workspace \u229e Win Alt \u2192 Navigate - Previous Workspace \u229e Win Alt \u2190 Navigate - Previous Workspace \u229e Win Shift Tab Navigate - Relative Window \u229e Win k j h l Navigate - Relative Window \u229e Win \u2191 \u2193 \u2190 \u2192 Navigate - Scratchpad \u229e Win Ctrl a Navigate - Window by Name \u229e Win Ctrl Space Navigate - Workspace 11 - 19 \u229e Win Ctrl 1..9 Navigate - Workspaces 1-10 \u229e Win 0..9 Resize - Enter Resize Mode \u229e Win r Session - Exit App \u229e Win Shift q Session - Lock Screen \u229e Win Escape Session - Logout \u229e Win Shift e Session - Power Down \u229e Win Shift p Session - Reboot \u229e Win Shift b Session - Refresh Session \u229e Win Shift r Session - Reload i3 Config \u229e Win Shift c Session - Restart i3 \u229e Win Ctrl r Session - Sleep \u229e Win Shift s Session - Terminate App \u229e Win Alt q","title":"All default key mappings provided in Regolith"},{"location":"develop/command/nvim/","text":"neovim \u5b89\u88c5 sudo apt install -y neovim \u914d\u7f6e\uff0c\u53c2\u8003YouTube\u4e0a\u8001\u54e5\u7684 https://github.com/NeuralNine/config-files/blob/master/init.vim \u89c6\u9891\u6559\u7a0b https://www.youtube.com/watch?v=JWReY93Vl6g&t=1120s \u5b89\u88c5 vim-plug \uff0c\u4ee5\u4fbf\u5b83\u5728\u542f\u52a8\u65f6\u81ea\u52a8\u52a0\u8f7d\uff1a sh -c 'curl -fLo \"${XDG_DATA_HOME:-$HOME/.local/share}\"/nvim/site/autoload/plug.vim --create-dirs \\ https://raw.githubusercontent.com/junegunn/vim-plug/master/plug.vim' \u4e0d\u8fc7\u73b0\u5728\u66f4\u63a8\u8350vim-plug\u6362\u6210\u4e86packer\uff0c\u4f7f\u7528lua\u6765\u7ba1\u7406\u914d\u7f6e\uff0c\u66f4\u52a0\u7075\u6d3b\u3002 \u4f53\u9a8c\u53c2\u8003\u77e5\u4e4e https://www.zhihu.com/question/445290918 \u4e0d\u8fc7\u8fd9\u4e48\u6298\u817e\uff0c\u6211\u4e3a\u4ec0\u4e48\u4e0d\u76f4\u63a5\u7528vscode+vim\u63d2\u4ef6\u6765\u5f00\u53d1\u5462\uff1f","title":"neovim"},{"location":"develop/command/nvim/#neovim","text":"\u5b89\u88c5 sudo apt install -y neovim \u914d\u7f6e\uff0c\u53c2\u8003YouTube\u4e0a\u8001\u54e5\u7684 https://github.com/NeuralNine/config-files/blob/master/init.vim \u89c6\u9891\u6559\u7a0b https://www.youtube.com/watch?v=JWReY93Vl6g&t=1120s \u5b89\u88c5 vim-plug \uff0c\u4ee5\u4fbf\u5b83\u5728\u542f\u52a8\u65f6\u81ea\u52a8\u52a0\u8f7d\uff1a sh -c 'curl -fLo \"${XDG_DATA_HOME:-$HOME/.local/share}\"/nvim/site/autoload/plug.vim --create-dirs \\ https://raw.githubusercontent.com/junegunn/vim-plug/master/plug.vim' \u4e0d\u8fc7\u73b0\u5728\u66f4\u63a8\u8350vim-plug\u6362\u6210\u4e86packer\uff0c\u4f7f\u7528lua\u6765\u7ba1\u7406\u914d\u7f6e\uff0c\u66f4\u52a0\u7075\u6d3b\u3002 \u4f53\u9a8c\u53c2\u8003\u77e5\u4e4e https://www.zhihu.com/question/445290918 \u4e0d\u8fc7\u8fd9\u4e48\u6298\u817e\uff0c\u6211\u4e3a\u4ec0\u4e48\u4e0d\u76f4\u63a5\u7528vscode+vim\u63d2\u4ef6\u6765\u5f00\u53d1\u5462\uff1f","title":"neovim"},{"location":"develop/command/vi/","text":"vi/vim \u7f16\u8f91\u5668 \u57fa\u672c\u64cd\u4f5c \u4fdd\u5b58\u548c\u9000\u51fa\u64cd\u4f5c :wq \u548c :wq! \u7684\u533a\u522b \u5982\u679c\u6587\u4ef6\u8bbe\u7f6e\u4e3a\u53ea\u8bfb\u4e86\u7684\u8bdd\uff0c\u7528 :wq\u547d\u4ee4\u662f\u4e0d\u80fd\u4fdd\u5b58\u5e76\u9000\u51fa\u7684;\u4f46\u662f\u6700\u9ad8\u6743\u9650\u8005\u53ef\u901a\u8fc7:wq!\u6765\u8fdb\u884c\u6587\u4ef6\u7684\u4fdd\u5b58\u5e76\u9000\u51fa\u6587\u4ef6\u3002 !\u662f\u5f3a\u5236\u6267\u884c\uff0c\u5982\u679c\u4e0d\u5e26!\u78b0\u4e0a\u53ea\u8bfb\u6587\u4ef6\uff0c\u4f1a\u7ed9\u63d0\u793a\u4f1a\u662f\u53ea\u8bfb\u6587\u4ef6\uff0c\u5e26\u4e86!\u5ffd\u7565\u53ea\u8bfb\u5f3a\u5236\u5199\u5165\u3002 :x \u548c :wq \u7684\u533a\u522b :wq \u5f3a\u5236\u6027\u5199\u5165\u6587\u4ef6\u5e76\u9000\u51fa\u3002\u5373\u4f7f\u6587\u4ef6\u6ca1\u6709\u88ab\u4fee\u6539\u4e5f\u5f3a\u5236\u5199\u5165\uff0c\u5e76\u66f4\u65b0\u6587\u4ef6\u7684\u4fee\u6539\u65f6\u95f4\u3002 :x \u5199\u5165\u6587\u4ef6\u5e76\u9000\u51fa\u3002\u4ec5\u5f53\u6587\u4ef6\u88ab\u4fee\u6539\u65f6\u624d\u5199\u5165\uff0c\u5e76\u66f4